../component/conn_fwloader/fsl_loader_utils.c:109:13:sb3_Delay	16	static
../component/conn_fwloader/fsl_loader_utils.c:123:13:sb3_DelayUs	24	static
../component/conn_fwloader/fsl_loader_utils.c:131:17:_ActiveApplicationRemapOffset	4	static
../component/conn_fwloader/fsl_loader_utils.c:138:6:power_on_device_impl	24	static
../component/conn_fwloader/fsl_loader_utils.c:162:6:power_off_device_impl	24	static
../component/conn_fwloader/fsl_loader_utils.c:184:6:reset_device	24	static
../component/conn_fwloader/fsl_loader_utils.c:201:30:get_sbloader_v3_context	16	static
../component/conn_fwloader/fsl_loader_utils.c:209:27:nboot_hal_get_secure_firmware_version	56	static
../component/conn_fwloader/fsl_loader_utils.c:267:10:sb3_fw_download_impl	40	static
../component/conn_fwloader/fsl_loader_utils.c:349:10:sb3_fw_reset_impl	32	static
../component/conn_fwloader/fsl_loader_utils.c:363:17:ldr_DoLoadCmd	24	static
../component/conn_fwloader/fsl_loader_utils.c:408:17:ldr_DoExecuteCmd	24	static
../component/conn_fwloader/fsl_loader_utils.c:422:17:ldr_DoBlock	32	static
../component/conn_fwloader/fsl_loader_utils.c:660:17:ldr_DoDataRead	32	static
../component/conn_fwloader/fsl_loader_utils.c:714:17:ldr_DoHeader_v3	184	static
../component/conn_fwloader/fsl_loader_utils.c:798:10:fsl_sbloader_init	24	static
../component/conn_fwloader/fsl_loader_utils.c:831:10:fsl_sbloader_finalize	24	static
../component/conn_fwloader/fsl_loader_utils.c:847:17:fsl_sbloader_pump	48	static
../component/conn_fwloader/fsl_loader_utils.c:931:17:ldr_ReadFromFlash	40	static
../component/conn_fwloader/fsl_loader_utils.c:956:10:read_nboot_sb3_header	16	static
../component/conn_fwloader/fsl_loader_utils.c:965:10:loader_process_sb_file	32	static
../component/conn_fwloader/fsl_loader_utils.c:1107:17:loader_process_raw_file	40	static
../component/conn_fwloader/fsl_loader_utils.c:1160:17:loader_process_raw_file_monolithic	304	static
../component/conn_fwloader/fsl_loader_utils.c:1249:13:__FlexSpiFlashInit	16	static
../component/conn_fwloader/fsl_loader_utils.c:1264:13:__FlexSpiFlashDeInit	8	static
../component/conn_fwloader/fsl_loader_utils.c:1275:12:__OtpInit	16	static
../component/conn_fwloader/fsl_loader_utils.c:1307:12:__OtpDeInit	16	static
../component/conn_fwloader/fsl_loader_utils.c:1340:10:load_service	48	static
../component/conn_fwloader/fsl_loader_utils.c:1516:17:load_service_monolithic	112	static
../component/conn_fwloader/fsl_loader_utils.c:1606:9:get_chip_revision	4	static
