../wifi/port/net/net.c:102:13:netif_ext_status_callback	32	static
../wifi/port/net/net.c:131:7:ipv6_addr_state_to_desc	16	static
../wifi/port/net/net.c:155:7:ipv6_addr_addr_to_desc	40	static
../wifi/port/net/net.c:164:7:ipv6_addr_type_to_desc	40	static
../wifi/port/net/net.c:193:5:net_dhcp_hostname_set	16	static
../wifi/port/net/net.c:200:13:tcpip_init_done_cb	24	static
../wifi/port/net/net.c:211:6:net_ipv4stack_init	16	static
../wifi/port/net/net.c:238:6:net_ipv6stack_init	16	static
../wifi/port/net/net.c:247:13:wm_netif_ipv6_status_callback	16	static
../wifi/port/net/net.c:256:6:net_wlan_set_mac_address	16	static
../wifi/port/net/net.c:268:5:net_wlan_init	32	static
../wifi/port/net/net.c:340:15:net_get_sta_interface	4	static
../wifi/port/net/net.c:345:15:net_get_uap_interface	4	static
../wifi/port/net/net.c:350:5:net_get_if_name_netif	32	static
../wifi/port/net/net.c:368:12:net_netif_deinit	40	static
../wifi/port/net/net.c:396:5:net_wlan_deinit	16	static
../wifi/port/net/net.c:439:13:wm_netif_status_callback	24	static
../wifi/port/net/net.c:514:6:net_stop_dhcp_timer	8	static
../wifi/port/net/net.c:519:13:stop_cb	24	static
../wifi/port/net/net.c:531:13:dhcp_timer_cb	16	static
../wifi/port/net/net.c:538:12:check_iface_mask	24	static
../wifi/port/net/net.c:553:14:net_ip_to_interface	24	static
../wifi/port/net/net.c:579:7:net_sock_to_interface	48	static
../wifi/port/net/net.c:596:7:net_get_sta_handle	4	static
../wifi/port/net/net.c:601:7:net_get_uap_handle	4	static
../wifi/port/net/net.c:607:5:net_alloc_client_data_id	16	static
../wifi/port/net/net.c:620:6:net_interface_up	24	static
../wifi/port/net/net.c:626:6:net_interface_down	24	static
../wifi/port/net/net.c:632:6:net_interface_dhcp_stop	24	static
../wifi/port/net/net.c:639:6:net_interface_dhcp_cleanup	24	static
../wifi/port/net/net.c:645:5:net_configure_address	24	static
../wifi/port/net/net.c:756:5:net_get_if_addr	24	static
../wifi/port/net/net.c:774:5:net_get_if_ipv6_addr	24	static
../wifi/port/net/net.c:788:5:net_get_if_ipv6_pref_addr	32	static
../wifi/port/net/net.c:804:5:net_get_if_name	32	static
../wifi/port/net/net.c:823:5:net_get_if_ip_addr	24	static
../wifi/port/net/net.c:831:5:net_get_if_ip_mask	24	static
../wifi/port/net/net.c:839:6:net_configure_dns	24	static
../wifi/port/net/net.c:866:6:net_stat	8	static
