C:\Embebidosk64\WORKSPACE_REDES\frdmrw612_wifi_webconfig\wifi\incl\port\net/wm_net.h:500:20:net_is_ip_or_ipv6	16	static
../wifi/port/net/wifi_netif.c:174:13:register_interface	16	static
../wifi/port/net/wifi_netif.c:190:13:deliver_packet_above	24	static
../wifi/port/net/wifi_netif.c:313:21:gen_pbuf_from_data	24	static
../wifi/port/net/wifi_netif.c:341:13:process_data_packet	72	static
../wifi/port/net/wifi_netif.c:670:6:handle_data_packet	16	static
../wifi/port/net/wifi_netif.c:697:6:handle_amsdu_data_packet	24	static
../wifi/port/net/wifi_netif.c:712:6:handle_deliver_packet_above	32	static
../wifi/port/net/wifi_netif.c:720:6:wrapper_net_is_ip_or_ipv6	16	static
../wifi/port/net/wifi_netif.c:733:13:low_level_init	40	static
../wifi/port/net/wifi_netif.c:783:14:low_level_output	80	static
../wifi/port/net/wifi_netif.c:968:14:igmp_mac_filter	56	static
../wifi/port/net/wifi_netif.c:1095:14:mld_mac_filter	56	static
../wifi/port/net/wifi_netif.c:1223:7:lwip_netif_init	24	static
../wifi/port/net/wifi_netif.c:1277:7:lwip_netif_uap_init	24	static
