C:\Enr\redes\frdmrw612_wifi_webconfig\wifi\wifidriver\incl/mlan_util.h:51:22:util_init_list	16	static
C:\Enr\redes\frdmrw612_wifi_webconfig\wifi\wifidriver\incl/mlan_util.h:66:22:util_init_list_head	24	static
C:\Enr\redes\frdmrw612_wifi_webconfig\wifi\wifidriver\incl/mlan_util.h:87:22:util_free_list_head	24	static
C:\Enr\redes\frdmrw612_wifi_webconfig\wifi\wifidriver\incl/mlan_util.h:108:33:util_peek_list	32	static
C:\Enr\redes\frdmrw612_wifi_webconfig\wifi\wifidriver\incl/mlan_util.h:140:22:util_enqueue_list_tail	32	static
C:\Enr\redes\frdmrw612_wifi_webconfig\wifi\wifidriver\incl/mlan_util.h:206:22:util_unlink_list	32	static
C:\Enr\redes\frdmrw612_wifi_webconfig\wifi\wifidriver\incl/mlan_util.h:240:33:util_dequeue_list	40	static
../wifi/wifidriver/mlan_wmm.c:132:8:wlan_clean_txrx	24	static
../wifi/wifidriver/mlan_wmm.c:164:6:wlan_wmm_default_queue_priorities	16	static
../wifi/wifidriver/mlan_wmm.c:185:8:wlan_init_wmm_param	16	static
../wifi/wifidriver/mlan_wmm.c:259:8:wlan_wmm_init	24	static
../wifi/wifidriver/mlan_wmm.c:308:12:wlan_wmm_get_ralist_node	32	static
../wifi/wifidriver/mlan_wmm.c:344:7:wlan_wmm_process_association_req	32	static
../wifi/wifidriver/mlan_wmm.c:410:13:wlan_cmd_wmm_param_config	40	static
../wifi/wifidriver/mlan_wmm.c:444:13:wlan_ret_wmm_param_config	40	static
../wifi/wifidriver/mlan_wmm.c:543:6:wifi_wmm_da_to_ra	16	static
../wifi/wifidriver/mlan_wmm.c:558:16:wifi_wmm_is_tx_pause	24	static
../wifi/wifidriver/mlan_wmm.c:596:18:wifi_wmm_get_alter_buf_from_txqueue	32	static
../wifi/wifidriver/mlan_wmm.c:648:10:wifi_wmm_get_outbuf_enh	40	static
../wifi/wifidriver/mlan_wmm.c:686:19:wlan_wmm_get_queue_raptr_enh	40	static
../wifi/wifidriver/mlan_wmm.c:723:5:wlan_wmm_add_buf_txqueue_enh	40	static
../wifi/wifidriver/mlan_wmm.c:767:11:wifi_wmm_buf_get	16	static
../wifi/wifidriver/mlan_wmm.c:789:6:wifi_wmm_buf_put	24	static
../wifi/wifidriver/mlan_wmm.c:807:5:wifi_wmm_buf_pool_init	32	static
../wifi/wifidriver/mlan_wmm.c:834:6:wifi_wmm_buf_pool_deinit	8	static
../wifi/wifidriver/mlan_wmm.c:847:6:wlan_ralist_pkts_free_enh	40	static
../wifi/wifidriver/mlan_wmm.c:868:13:wlan_ralist_free_enh	24	static
../wifi/wifidriver/mlan_wmm.c:883:19:wlan_ralist_alloc_enh	32	static
../wifi/wifidriver/mlan_wmm.c:922:6:wlan_ralist_add_enh	40	static
../wifi/wifidriver/mlan_wmm.c:953:5:wlan_ralist_update_enh	40	static
../wifi/wifidriver/mlan_wmm.c:998:6:wlan_ralist_del_enh	40	static
../wifi/wifidriver/mlan_wmm.c:1029:6:wlan_ralist_del_all_enh	40	static
../wifi/wifidriver/mlan_wmm.c:1061:6:wlan_ralist_deinit_enh	24	static
../wifi/wifidriver/mlan_wmm.c:1080:6:wifi_wmm_drop_err_mem	16	static
../wifi/wifidriver/mlan_wmm.c:1088:6:wifi_wmm_drop_no_media	16	static
../wifi/wifidriver/mlan_wmm.c:1096:6:wifi_wmm_drop_retried_drop	16	static
../wifi/wifidriver/mlan_wmm.c:1104:6:wifi_wmm_drop_pause_drop	16	static
../wifi/wifidriver/mlan_wmm.c:1112:6:wifi_wmm_drop_pause_replaced	16	static
../wifi/wifidriver/mlan_wmm.c:1120:6:wlan_get_bypass_lock	24	static
../wifi/wifidriver/mlan_wmm.c:1127:6:wlan_put_bypass_lock	24	static
../wifi/wifidriver/mlan_wmm.c:1134:6:wlan_add_buf_bypass_txq	32	static
../wifi/wifidriver/mlan_wmm.c:1146:6:wlan_bypass_txq_empty	16	static
../wifi/wifidriver/mlan_wmm.c:1151:5:wifi_bypass_txq_init	16	static
../wifi/wifidriver/mlan_wmm.c:1174:6:wlan_cleanup_bypass_txq	24	static
../wifi/wifidriver/mlan_wmm.c:1196:6:wifi_bypass_txq_deinit	16	static
