C:\Enr\redes\frdmrw612_wifi_webconfig\wifi\wifidriver\incl/mlan_main.h:2844:14:wlan_strlen	24	static
../wifi/wifidriver/mlan_api.c:79:5:wifi_send_shutdown_cmd	16	static
../wifi/wifidriver/mlan_api.c:94:5:wifi_deauthenticate	24	static
../wifi/wifidriver/mlan_api.c:160:5:wifi_get_eeprom_data	40	static
../wifi/wifidriver/mlan_api.c:178:5:wifi_reg_access	48	static
../wifi/wifidriver/mlan_api.c:222:5:wifi_mem_access	40	static
../wifi/wifidriver/mlan_api.c:304:5:wifi_get_tsf	48	static
../wifi/wifidriver/mlan_api.c:332:5:wifi_send_rssi_info_cmd	40	static
../wifi/wifidriver/mlan_api.c:351:5:wifi_send_rf_channel_cmd	40	static
../wifi/wifidriver/mlan_api.c:374:5:wifi_send_remain_on_channel_cmd	40	static
../wifi/wifidriver/mlan_api.c:396:5:wifi_get_set_rf_tx_power	40	static
../wifi/wifidriver/mlan_api.c:414:5:wifi_get_data_rate	40	static
../wifi/wifidriver/mlan_api.c:450:5:wifi_set_pmfcfg	24	static
../wifi/wifidriver/mlan_api.c:460:5:wifi_get_pmfcfg	24	static
../wifi/wifidriver/mlan_api.c:470:5:wifi_uap_get_pmfcfg	16	static
../wifi/wifidriver/mlan_api.c:476:5:wifi_set_packet_filters	72	static
../wifi/wifidriver/mlan_api.c:655:5:wifi_set_auto_arp	88	static
../wifi/wifidriver/mlan_api.c:691:5:wifi_tcp_keep_alive	128	static
../wifi/wifidriver/mlan_api.c:1936:5:wifi_send_scan_cmd	56	static
../wifi/wifidriver/mlan_api.c:2207:12:wifi_send_key_material_cmd	56	static
../wifi/wifidriver/mlan_api.c:2237:5:wifi_set_key	424	static
../wifi/wifidriver/mlan_api.c:2324:5:wifi_set_rekey_info	24	static
../wifi/wifidriver/mlan_api.c:2367:5:wifi_set_igtk_key	408	static
../wifi/wifidriver/mlan_api.c:2385:5:wifi_remove_key	408	static
../wifi/wifidriver/mlan_api.c:2416:12:wifi_send_rf_antenna_cmd	56	static
../wifi/wifidriver/mlan_api.c:2458:5:wifi_get_antenna	48	static
../wifi/wifidriver/mlan_api.c:2494:5:wifi_set_antenna	32	static
../wifi/wifidriver/mlan_api.c:2506:12:wifi_send_get_log_cmd	48	static
../wifi/wifidriver/mlan_api.c:2524:5:wifi_get_log	24	static
../wifi/wifidriver/mlan_api.c:2540:12:wifi_send_cmd_802_11_supplicant_pmk	64	static
../wifi/wifidriver/mlan_api.c:2561:5:wifi_send_add_wpa_pmk	416	static
../wifi/wifidriver/mlan_api.c:2599:5:wifi_send_get_wpa_pmk	400	static
../wifi/wifidriver/mlan_api.c:2634:5:wifi_send_add_wpa_psk	416	static
../wifi/wifidriver/mlan_api.c:2671:5:wifi_send_add_wpa3_password	416	static
../wifi/wifidriver/mlan_api.c:2704:5:wifi_send_clear_wpa_psk	400	static
../wifi/wifidriver/mlan_api.c:2732:5:wifi_send_enable_supplicant	400	static
../wifi/wifidriver/mlan_api.c:2760:5:wifi_send_disable_supplicant	392	static
../wifi/wifidriver/mlan_api.c:2772:5:wifi_set_mac_multicast_addr	48	static
../wifi/wifidriver/mlan_api.c:2821:5:wifi_get_otp_user_data	296	static
../wifi/wifidriver/mlan_api.c:2847:5:wifi_get_cal_data	32	static
../wifi/wifidriver/mlan_api.c:2872:6:wifi_request_get_fw_info	16	static
../wifi/wifidriver/mlan_api.c:2892:6:wifi_get_fw_info	144	static
../wifi/wifidriver/mlan_api.c:2906:5:wifi_get_firmware_version_ext	40	static
../wifi/wifidriver/mlan_api.c:2919:5:wifi_get_firmware_version	72	static
../wifi/wifidriver/mlan_api.c:3004:5:wifi_get_region_code	16	static
../wifi/wifidriver/mlan_api.c:3010:5:wifi_set_region_code	2120	static
../wifi/wifidriver/mlan_api.c:3039:5:wifi_enable_11d_support	16	static
../wifi/wifidriver/mlan_api.c:3050:5:wifi_enable_uap_11d_support	16	static
../wifi/wifidriver/mlan_api.c:3064:5:wifi_disable_11d_support	8	static
../wifi/wifidriver/mlan_api.c:3072:5:wifi_disable_uap_11d_support	8	static
../wifi/wifidriver/mlan_api.c:3082:5:wifi_enable_11d_support_APIs	16	static
../wifi/wifidriver/mlan_api.c:3089:22:get_sub_band_from_region_code	24	static
../wifi/wifidriver/mlan_api.c:3120:22:get_sub_band_from_region_code_5ghz	24	static
../wifi/wifidriver/mlan_api.c:3174:6:wifi_11d_is_channel_allowed	32	static
../wifi/wifidriver/mlan_api.c:3230:5:wifi_enable_ecsa_support	8	static
../wifi/wifidriver/mlan_api.c:3235:6:wifi_is_ecsa_enabled	4	static
../wifi/wifidriver/mlan_api.c:3240:12:get_free_mgmt_ie_index	24	static
../wifi/wifidriver/mlan_api.c:3255:13:set_ie_index	16	static
../wifi/wifidriver/mlan_api.c:3260:13:clear_ie_index	16	static
../wifi/wifidriver/mlan_api.c:3309:13:ie_index_is_set	16	static
../wifi/wifidriver/mlan_api.c:3314:6:reset_ie_index	4	static
../wifi/wifidriver/mlan_api.c:3319:12:wifi_config_mgmt_ie	56	static
../wifi/wifidriver/mlan_api.c:3480:5:wifi_get_mgmt_ie	32	static
../wifi/wifidriver/mlan_api.c:3485:5:wifi_set_mgmt_ie	40	static
../wifi/wifidriver/mlan_api.c:3492:5:wifi_clear_mgmt_ie	32	static
../wifi/wifidriver/mlan_api.c:3498:12:wifi_config_mgmt_ie2	56	static
../wifi/wifidriver/mlan_api.c:3638:5:wifi_get_mgmt_ie2	32	static
../wifi/wifidriver/mlan_api.c:3643:5:wifi_set_mgmt_ie2	40	static
../wifi/wifidriver/mlan_api.c:3650:5:wifi_clear_mgmt_ie2	32	static
../wifi/wifidriver/mlan_api.c:3780:5:wifi_set_chanlist	32	static
../wifi/wifidriver/mlan_api.c:3833:5:wifi_get_chanlist	40	static
../wifi/wifidriver/mlan_api.c:3880:6:wifi_get_active_channel_list	24	static
../wifi/wifidriver/mlan_api.c:3888:5:wifi_set_txpwrlimit	40	static
../wifi/wifidriver/mlan_api.c:3929:5:wifi_get_txpwrlimit	32	static
../wifi/wifidriver/mlan_api.c:3951:5:wifi_set_rts	64	static
../wifi/wifidriver/mlan_api.c:4048:5:wifi_set_frag	64	static
../wifi/wifidriver/mlan_api.c:4144:6:wifi_set_curr_bss_channel	24	static
../wifi/wifidriver/mlan_api.c:4153:5:wifi_host_11k_cfg	32	static
../wifi/wifidriver/mlan_api.c:4198:5:wifi_host_11k_neighbor_req	24	static
../wifi/wifidriver/mlan_api.c:4212:5:wifi_host_11v_bss_trans_query	16	static
../wifi/wifidriver/mlan_api.c:4219:5:wifi_host_mbo_cfg	536	static
../wifi/wifidriver/mlan_api.c:4254:5:wifi_mbo_preferch_cfg	552	static
../wifi/wifidriver/mlan_api.c:4287:5:wifi_mbo_send_preferch_wnm	64	static
../wifi/wifidriver/mlan_api.c:4415:5:wifi_set_ed_mac_mode	32	static
../wifi/wifidriver/mlan_api.c:4459:5:wifi_get_ed_mac_mode	24	static
../wifi/wifidriver/mlan_api.c:4488:5:wifi_set_smart_mode_cfg	80	static
../wifi/wifidriver/mlan_api.c:4593:5:wifi_get_smart_mode_cfg	24	static
../wifi/wifidriver/mlan_api.c:4612:5:wifi_start_smart_mode	24	static
../wifi/wifidriver/mlan_api.c:4631:5:wifi_stop_smart_mode	24	static
../wifi/wifidriver/mlan_api.c:4651:6:wifi_get_band	24	static
../wifi/wifidriver/mlan_api.c:4666:5:wifi_get_bgscan_results	24	static
../wifi/wifidriver/mlan_api.c:4697:5:wifi_send_scan_query	16	static
../wifi/wifidriver/mlan_api.c:4716:5:wifi_send_hostcmd	32	static
../wifi/wifidriver/mlan_api.c:4760:5:wifi_set_eu_crypto	32	static
../wifi/wifidriver/mlan_api.c:4818:5:wifi_set_rx_mgmt_indication	32	static
../wifi/wifidriver/mlan_api.c:4842:5:wifi_get_set_bandcfg	80	static
../wifi/wifidriver/mlan_api.c:4911:16:wifi_PrepDefaultMgtMsg	40	static
../wifi/wifidriver/mlan_api.c:4947:6:set_ecsa_block_tx_time	16	static
../wifi/wifidriver/mlan_api.c:4952:6:get_ecsa_block_tx_time	4	static
../wifi/wifidriver/mlan_api.c:4957:6:set_ecsa_block_tx_flag	16	static
../wifi/wifidriver/mlan_api.c:4962:6:get_ecsa_block_tx_flag	4	static
../wifi/wifidriver/mlan_api.c:4967:6:wifi_put_ecsa_sem	8	static
../wifi/wifidriver/mlan_api.c:4972:5:wlan_get_nonglobal_operclass_by_bw_channel	64	static
../wifi/wifidriver/mlan_api.c:5022:5:wifi_set_ecsa_cfg	96	static
../wifi/wifidriver/mlan_api.c:5255:5:wifi_set_action_ecsa_cfg	72	static
../wifi/wifidriver/mlan_api.c:5541:5:wifi_set_wmm_qos_cfg	400	static
../wifi/wifidriver/mlan_api.c:5560:6:wifi_set_sleep_period	40	static
../wifi/wifidriver/mlan_api.c:5575:5:wifi_mmsf_cfg	48	static
../wifi/wifidriver/mlan_api.c:5634:5:wifi_tx_ampdu_prot_mode	40	static
../wifi/wifidriver/mlan_api.c:5650:5:wifi_csi_cfg	48	static
../wifi/wifidriver/mlan_api.c:5681:5:wifi_set_ips_config	24	static
../wifi/wifidriver/mlan_api.c:5703:5:wifi_net_monitor_cfg	48	static
../wifi/wifidriver/mlan_api.c:5728:5:wifi_tsp_cfg	72	static
../wifi/wifidriver/mlan_api.c:5791:5:wifi_get_turbo_mode	16	static
../wifi/wifidriver/mlan_api.c:5796:5:wifi_get_uap_turbo_mode	16	static
../wifi/wifidriver/mlan_api.c:5801:5:wifi_set_turbo_mode	16	static
../wifi/wifidriver/mlan_api.c:5806:5:wifi_set_uap_turbo_mode	16	static
../wifi/wifidriver/mlan_api.c:5811:5:wlan_get_set_turbo_mode	32	static
../wifi/wifidriver/mlan_api.c:6098:5:wifi_single_ant_duty_cycle	24	static
../wifi/wifidriver/mlan_api.c:6131:5:wifi_dual_ant_duty_cycle	32	static
../wifi/wifidriver/mlan_api.c:6168:5:wifi_external_coex_pta_cfg	40	static
../wifi/wifidriver/mlan_api.c:6238:5:wifi_sta_inactivityto	24	static
../wifi/wifidriver/mlan_api.c:6270:5:wifi_auto_null_tx	32	static
