C:\Enr\redes\frdmrw612_wifi_webconfig\wifi\wifidriver\incl/mlan_main.h:2844:14:wlan_strlen	24	static
C:\Enr\redes\frdmrw612_wifi_webconfig\wifi\wifidriver\incl/mlan_api.h:260:27:wifi_check_bss_entry_wpa2_entp_only	16	static
../wifi/wifidriver/mlan_scan.c:113:6:is_split_scan_complete	4	static
../wifi/wifidriver/mlan_scan.c:122:6:wlan_abort_split_scan	4	static
../wifi/wifidriver/mlan_scan.c:139:13:search_oui_in_ie	32	static
../wifi/wifidriver/mlan_scan.c:177:13:is_rsn_oui_present	40	static
../wifi/wifidriver/mlan_scan.c:207:13:is_wpa_oui_present	40	static
../wifi/wifidriver/mlan_scan.c:237:14:radio_type_to_band	24	static
../wifi/wifidriver/mlan_scan.c:264:13:wlan_update_chan_statistics	32	static
../wifi/wifidriver/mlan_scan.c:312:13:wlan_is_band_compatible	24	static
../wifi/wifidriver/mlan_scan.c:347:15:wlan_scan_create_channel_list	56	static
../wifi/wifidriver/mlan_scan.c:622:20:wlan_scan_channel_list	112	static
../wifi/wifidriver/mlan_scan.c:950:20:wlan_scan_setup_scan_config	104	static
../wifi/wifidriver/mlan_scan.c:1402:6:wlan_active_scan_req_for_passive_chan	88	static
../wifi/wifidriver/mlan_scan.c:1557:20:wlan_interpret_bss_desc_with_ie	160	static
../wifi/wifidriver/mlan_scan.c:2219:14:wlan_get_chan_load	24	static
../wifi/wifidriver/mlan_scan.c:2235:14:wlan_get_chan_noise	24	static
../wifi/wifidriver/mlan_scan.c:2258:13:wlan_get_chan_rssi	24	static
../wifi/wifidriver/mlan_scan.c:2286:15:wlan_update_chan_rssi	24	static
../wifi/wifidriver/mlan_scan.c:2334:19:wlan_scan_process_results	32	static
../wifi/wifidriver/mlan_scan.c:2394:7:wlan_is_network_compatible	32	static
../wifi/wifidriver/mlan_scan.c:2655:13:wlan_scan_networks	88	static
../wifi/wifidriver/mlan_scan.c:2845:13:adjust_pointers_to_internal_buffers	16	static
../wifi/wifidriver/mlan_scan.c:2936:13:wlan_ret_802_11_scan	184	static
../wifi/wifidriver/mlan_scan.c:3369:13:wlan_cmd_802_11_scan_ext	32	static
../wifi/wifidriver/mlan_scan.c:3401:13:wlan_ret_802_11_scan_ext	48	static
../wifi/wifidriver/mlan_scan.c:3501:20:wlan_update_ssid_in_beacon_buf	40	static
../wifi/wifidriver/mlan_scan.c:3651:13:wlan_gen_multi_bssid_by_bssid_index	40	static
../wifi/wifidriver/mlan_scan.c:3690:15:wlan_parse_non_trans_bssid_profile	112	static
../wifi/wifidriver/mlan_scan.c:3924:15:wlan_parse_multi_bssid_ie	48	static
../wifi/wifidriver/mlan_scan.c:3969:13:wlan_parse_multi_bssid_ap	40	static
../wifi/wifidriver/mlan_scan.c:4016:20:wlan_parse_ext_scan_result	152	static
../wifi/wifidriver/mlan_scan.c:4397:13:wlan_handle_event_ext_scan_report	32	static
../wifi/wifidriver/mlan_scan.c:4480:13:wlan_cmd_802_11_bg_scan_query	32	static
../wifi/wifidriver/mlan_scan.c:4508:13:wlan_bgscan_create_channel_list	56	static
../wifi/wifidriver/mlan_scan.c:4632:13:wlan_cmd_bgscan_config	144	static
../wifi/wifidriver/mlan_scan.c:4965:13:wlan_ret_bgscan_config	40	static
../wifi/wifidriver/mlan_scan.c:5003:7:wlan_find_ssid_in_list	48	static
../wifi/wifidriver/mlan_scan.c:5085:7:wlan_find_bssid_in_list	40	static
../wifi/wifidriver/mlan_scan.c:5149:7:wlan_ssid_cmp	24	static
../wifi/wifidriver/mlan_scan.c:5170:14:wlan_find_worst_network_in_list	32	static
