../wifi/wifidriver/mlan_sta_cmd.c:367:20:wlan_cmd_802_11_rssi_info	24	static
../wifi/wifidriver/mlan_sta_cmd.c:401:20:wlan_cmd_mac_control	32	static
../wifi/wifidriver/mlan_sta_cmd.c:437:20:wlan_cmd_802_11_snmp_mib	32	static
../wifi/wifidriver/mlan_sta_cmd.c:532:20:wlan_cmd_802_11_get_log	16	static
../wifi/wifidriver/mlan_sta_cmd.c:551:20:wlan_cmd_tx_power_cfg	40	static
../wifi/wifidriver/mlan_sta_cmd.c:609:20:wlan_cmd_802_11_rf_tx_power	32	static
../wifi/wifidriver/mlan_sta_cmd.c:653:20:wlan_cmd_802_11_hs_cfg	32	static
../wifi/wifidriver/mlan_sta_cmd.c:699:20:wlan_cmd_802_11_mac_address	24	static
../wifi/wifidriver/mlan_sta_cmd.c:731:20:wlan_cmd_802_11_sleep_period	32	static
../wifi/wifidriver/mlan_sta_cmd.c:762:20:wlan_cmd_mac_multicast_adr	32	static
../wifi/wifidriver/mlan_sta_cmd.c:792:26:wlan_cmd_802_11_deauthenticate	32	static
../wifi/wifidriver/mlan_sta_cmd.c:838:20:wlan_cmd_802_11_key_material	56	static
../wifi/wifidriver/mlan_sta_cmd.c:1101:20:wlan_cmd_802_11_supplicant_pmk	64	static
../wifi/wifidriver/mlan_sta_cmd.c:1223:20:wlan_cmd_802_11_rf_channel	32	static
../wifi/wifidriver/mlan_sta_cmd.c:1261:20:wlan_cmd_mgmt_ie_list	40	static
../wifi/wifidriver/mlan_sta_cmd.c:1325:26:wlan_cmd_reg_access	56	static
../wifi/wifidriver/mlan_sta_cmd.c:1409:13:wlan_cmd_mem_access	32	static
../wifi/wifidriver/mlan_sta_cmd.c:1435:13:wlan_cmd_auto_reconnect	32	static
../wifi/wifidriver/mlan_sta_cmd.c:1462:13:wlan_cmd_rx_mgmt_indication	32	static
../wifi/wifidriver/mlan_sta_cmd.c:1490:5:wlan_parse_getdata	80	static
../wifi/wifidriver/mlan_sta_cmd.c:1625:13:wlan_cmd_subscribe_event	88	static
../wifi/wifidriver/mlan_sta_cmd.c:1814:20:wlan_cmd_otp_user_data	40	static
../wifi/wifidriver/mlan_sta_cmd.c:1857:20:wlan_cmd_tx_ampdu_prot_mode	32	static
../wifi/wifidriver/mlan_sta_cmd.c:1892:20:wlan_cmd_csi	32	static
../wifi/wifidriver/mlan_sta_cmd.c:1953:13:wlan_ops_sta_prepare_cmd	48	static
