D:\MCUXpresso_Workspace\frdmrw612_wifi_webconfig\CMSIS/core_cm33.h:2390:22:__NVIC_EnableIRQ	16	static
D:\MCUXpresso_Workspace\frdmrw612_wifi_webconfig\CMSIS/core_cm33.h:2428:22:__NVIC_DisableIRQ	16	static
D:\MCUXpresso_Workspace\frdmrw612_wifi_webconfig\CMSIS/core_cm33.h:2481:22:__NVIC_ClearPendingIRQ	16	static
D:\MCUXpresso_Workspace\frdmrw612_wifi_webconfig\CMSIS/core_cm33.h:2587:22:__NVIC_SetPriority	16	static
D:\MCUXpresso_Workspace\frdmrw612_wifi_webconfig\drivers/fsl_common_arm.h:586:24:EnableIRQ	24	static
D:\MCUXpresso_Workspace\frdmrw612_wifi_webconfig\drivers/fsl_common_arm.h:630:24:DisableIRQ	24	static
D:\MCUXpresso_Workspace\frdmrw612_wifi_webconfig\drivers/fsl_imu.h:435:20:IMU_ClearPendingInterrupts	16	static
../component/imu_adapter/fsl_adapter_imu_common.h:53:20:LIST_init	16	static
../component/imu_adapter/fsl_adapter_imu_common.h:63:20:LIST_elemInit	16	static
../component/imu_adapter/fsl_adapter_imu_common.h:75:20:LIST_insertBefore	24	static
../component/imu_adapter/fsl_adapter_imu_common.h:92:20:LIST_addTail	16	static
../component/imu_adapter/fsl_adapter_imu_common.h:102:20:LIST_remove	16	static
../component/imu_adapter/fsl_adapter_imu.c:200:13:HAL_ImuSetCpuReadyFlag	16	static
../component/imu_adapter/fsl_adapter_imu.c:204:6:HAL_ImuGetCpuReadyFlag	16	static
../component/imu_adapter/fsl_adapter_imu.c:220:27:HAL_ImumcGetEndpointFromAddr	24	static
../component/imu_adapter/fsl_adapter_imu.c:239:27:HAL_ImumcCreateEndpoint	24	static
../component/imu_adapter/fsl_adapter_imu.c:260:27:HAL_ImumcDestroyEndpoint	24	static
../component/imu_adapter/fsl_adapter_imu.c:284:17:HAL_ImuGetWlanTxBuf	40	static
../component/imu_adapter/fsl_adapter_imu.c:304:27:HAL_ImuPutWlanTxBuf	40	static
../component/imu_adapter/fsl_adapter_imu.c:325:17:HAL_ImumcGetTxBuf	56	static
../component/imu_adapter/fsl_adapter_imu.c:369:27:HAL_ImumcPutTxBuf	56	static
../component/imu_adapter/fsl_adapter_imu.c:410:20:HAL_ImuLinkIsUp	24	static
../component/imu_adapter/fsl_adapter_imu.c:427:6:HAL_ImuResetWlanTxq	24	static
../component/imu_adapter/fsl_adapter_imu.c:436:27:HAL_ImuSendMsgBlockingCommon	72	static
../component/imu_adapter/fsl_adapter_imu.c:519:27:HAL_ImuSendMsgBlocking	32	static
../component/imu_adapter/fsl_adapter_imu.c:525:27:HAL_ImuSendSync	32	static
../component/imu_adapter/fsl_adapter_imu.c:556:27:HAL_ImuSendImumcEptQuiry	32	static
../component/imu_adapter/fsl_adapter_imu.c:583:27:HAL_ImuSendImumcEptQuiryRsp	48	static
../component/imu_adapter/fsl_adapter_imu.c:622:27:HAL_ImuSendImumcFreeBuf	32	static
../component/imu_adapter/fsl_adapter_imu.c:648:27:HAL_ImuSendEventAck	40	static
../component/imu_adapter/fsl_adapter_imu.c:674:20:HAL_ImuSendEventDumpAck	40	static
../component/imu_adapter/fsl_adapter_imu.c:704:27:HAL_ImuSendCommandRspAck	40	static
../component/imu_adapter/fsl_adapter_imu.c:730:27:HAL_ImuFreeRxBuf	40	static
../component/imu_adapter/fsl_adapter_imu.c:756:20:HAL_ImuSendCommand	48	static
../component/imu_adapter/fsl_adapter_imu.c:795:20:HAL_ImuSendTxData	48	static
../component/imu_adapter/fsl_adapter_imu.c:836:20:HAL_ImuAddWlanTxPacket	40	static
../component/imu_adapter/fsl_adapter_imu.c:868:20:HAL_ImuAddWlanTxPacketExt	40	static
../component/imu_adapter/fsl_adapter_imu.c:903:20:HAL_ImuSendMultiTxData	40	static
../component/imu_adapter/fsl_adapter_imu.c:932:27:HAL_ImuSendSyncAck	32	static
../component/imu_adapter/fsl_adapter_imu.c:953:27:HAL_ImuSendUnlock	32	static
../component/imu_adapter/fsl_adapter_imu.c:979:20:HAL_ImuReturnAllTxBuf	40	static
../component/imu_adapter/fsl_adapter_imu.c:1041:27:HAL_ImuSendShutdown	32	static
../component/imu_adapter/fsl_adapter_imu.c:1067:27:HAL_ImuCtrlHandler	56	static
../component/imu_adapter/fsl_adapter_imu.c:1183:20:HAL_ImuReceive	112	static
../component/imu_adapter/fsl_adapter_imu.c:1353:13:HAL_ImuMainCpu13	32	static
../component/imu_adapter/fsl_adapter_imu.c:1390:13:HAL_ImuMainCpu23	32	static
../component/imu_adapter/fsl_adapter_imu.c:1430:13:HAL_ImuTaskInit	16	static
../component/imu_adapter/fsl_adapter_imu.c:1461:13:HAL_ImuTaskDeinit	16	static
../component/imu_adapter/fsl_adapter_imu.c:1492:20:HAL_ImuInit	32	static
../component/imu_adapter/fsl_adapter_imu.c:1578:20:HAL_ImuDeinit	32	static
../component/imu_adapter/fsl_adapter_imu.c:1629:20:HAL_ImumcInit	48	static
../component/imu_adapter/fsl_adapter_imu.c:1713:20:HAL_ImumcDeinit	32	static
../component/imu_adapter/fsl_adapter_imu.c:1729:20:HAL_ImumcSend	72	static
../component/imu_adapter/fsl_adapter_imu.c:1795:20:HAL_ImumcNoCopySend	72	static
../component/imu_adapter/fsl_adapter_imu.c:1839:20:HAL_ImuInstallCallback	24	static
../component/imu_adapter/fsl_adapter_imu.c:1851:20:HAL_ImuInstallIrqCallback	16	static
../component/imu_adapter/fsl_adapter_imu.c:1860:20:HAL_ImumcInstallRxCallback	32	static
../component/imu_adapter/fsl_adapter_imu.c:1872:20:HAL_ImumcEnterLowpower	16	static
../component/imu_adapter/fsl_adapter_imu.c:1877:20:HAL_ImumcExitLowpower	16	static
../component/imu_adapter/fsl_adapter_imu.c:1882:6:HAL_ImumcSetEvent	16	static
../component/imu_adapter/fsl_adapter_imu.c:1936:6:W2MWKUP0_DriverIRQHandler	16	static
../component/imu_adapter/fsl_adapter_imu.c:1959:6:B2MWKUP0_DriverIRQHandler	16	static
../component/imu_adapter/fsl_adapter_imu.c:1988:7:HAL_ImumcAllocTxBuffer	32	static
../component/imu_adapter/fsl_adapter_imu.c:2023:20:HAL_ImumcFreeRxBuffer	24	static
../component/imu_adapter/fsl_adapter_imu.c:2036:6:HAL_ImuIsTxBufQueueEmpty	24	static
../component/imu_adapter/fsl_adapter_imu.c:2050:20:HAL_ImuCreateTaskLock	16	static
../component/imu_adapter/fsl_adapter_imu.c:2066:6:HAL_ImuDeleteTaskLock	8	static
../component/imu_adapter/fsl_adapter_imu.c:2075:20:HAL_ImuGetTaskLock	16	static
../component/imu_adapter/fsl_adapter_imu.c:2088:20:HAL_ImuPutTaskLock	16	static
