../source/Drivers/web_config/web_config_d.c:49:12:CGI_HandleGet	80	static
../source/Drivers/web_config/web_config_d.c:98:12:CGI_HandlePost	512	static
../source/Drivers/web_config/web_config_d.c:225:12:CGI_HandleReset	104	static
../source/Drivers/web_config/web_config_d.c:269:12:CGI_HandleStatus	360	static
../source/Drivers/web_config/web_config_d.c:317:13:LinkStatusChangeCallback	16	static
../source/Drivers/web_config/web_config_d.c:336:6:main_task	192	static
../source/Drivers/web_config/web_config_d.c:437:17:SetBoardToAP	32	static
../source/Drivers/web_config/web_config_d.c:465:17:CleanUpAP	8	static
../source/Drivers/web_config/web_config_d.c:482:17:SetBoardToClient	32	static
../source/Drivers/web_config/web_config_d.c:566:17:CleanUpClient	8	static
