../lwip/src/apps/lwiperf/lwiperf.c:284:1:clock_gettime	32	static
../lwip/src/apps/lwiperf/lwiperf.c:296:1:diff_ts	48	static
../lwip/src/apps/lwiperf/lwiperf.c:309:1:lwiperf_list_add	16	static
../lwip/src/apps/lwiperf/lwiperf.c:317:1:lwiperf_list_remove	32	static
../lwip/src/apps/lwiperf/lwiperf.c:344:1:lwiperf_list_find	24	static
../lwip/src/apps/lwiperf/lwiperf.c:357:1:lwip_tcp_conn_report	80	static
../lwip/src/apps/lwiperf/lwiperf.c:386:1:lwiperf_tcp_close	24	static
../lwip/src/apps/lwiperf/lwiperf.c:413:1:lwiperf_tcp_client_send_more	88	static
../lwip/src/apps/lwiperf/lwiperf.c:509:1:lwiperf_tcp_client_sent	32	static
../lwip/src/apps/lwiperf/lwiperf.c:524:1:lwiperf_tcp_client_connected	32	static
../lwip/src/apps/lwiperf/lwiperf.c:542:1:lwiperf_tx_start_impl	72	static
../lwip/src/apps/lwiperf/lwiperf.c:603:1:lwiperf_tx_start_passive	56	static
../lwip/src/apps/lwiperf/lwiperf.c:619:1:lwiperf_tx_start_reverse	16	static
../lwip/src/apps/lwiperf/lwiperf.c:636:1:lwiperf_tcp_recv	64	static
../lwip/src/apps/lwiperf/lwiperf.c:733:1:lwiperf_tcp_err	24	static
../lwip/src/apps/lwiperf/lwiperf.c:747:1:lwiperf_tcp_poll	24	static
../lwip/src/apps/lwiperf/lwiperf.c:766:1:lwiperf_tcp_accept	32	static
../lwip/src/apps/lwiperf/lwiperf.c:828:1:lwiperf_start_tcp_server_default	16	static
../lwip/src/apps/lwiperf/lwiperf.c:843:1:lwiperf_start_tcp_server	40	static
../lwip/src/apps/lwiperf/lwiperf.c:858:1:lwiperf_start_tcp_server_impl	40	static
../lwip/src/apps/lwiperf/lwiperf.c:924:1:lwiperf_start_tcp_client_default	40	static
../lwip/src/apps/lwiperf/lwiperf.c:939:1:lwiperf_start_tcp_client	120	static
../lwip/src/apps/lwiperf/lwiperf.c:1008:1:lwiperf_udp_new_client	24	static
../lwip/src/apps/lwiperf/lwiperf.c:1030:1:lwiperf_udp_search_client	32	static
../lwip/src/apps/lwiperf/lwiperf.c:1050:1:lwip_udp_conn_report	80	static
../lwip/src/apps/lwiperf/lwiperf.c:1088:1:lwiperf_udp_close	24	static
../lwip/src/apps/lwiperf/lwiperf.c:1118:1:lwiperf_udp_send_report	24	static
../lwip/src/apps/lwiperf/lwiperf.c:1167:1:lwiperf_udp_set_client_rate	120	static
../lwip/src/apps/lwiperf/lwiperf.c:1188:1:lwiperf_udp_client_send_more	136	static
../lwip/src/apps/lwiperf/lwiperf.c:1287:1:lwiperf_udp_tx_new	32	static
../lwip/src/apps/lwiperf/lwiperf.c:1331:1:lwiperf_udp_tx_start	40	static
../lwip/src/apps/lwiperf/lwiperf.c:1380:1:lwiperf_udp_tx_reverse_start	48	static
../lwip/src/apps/lwiperf/lwiperf.c:1441:1:lwiperf_udp_recv	184	static
../lwip/src/apps/lwiperf/lwiperf.c:1659:1:lwiperf_start_udp_server	32	static
../lwip/src/apps/lwiperf/lwiperf.c:1730:1:lwiperf_start_udp_client	56	static
../lwip/src/apps/lwiperf/lwiperf.c:1880:1:lwiperf_poll_udp_client	16	static
../lwip/src/apps/lwiperf/lwiperf.c:1894:1:lwiperf_abort	32	static
