C:\Enr\redes\frdmrw612_wifi_webconfig\drivers/fsl_gpio.h:153:20:GPIO_PinWrite	24	static
C:\Enr\redes\frdmrw612_wifi_webconfig\drivers/fsl_io_mux.h:1579:20:IO_MUX_SetPinMux	32	static
../source/Drivers/RGB/rgb.c:6:6:LED_INIT	40	static
../source/Drivers/RGB/rgb.c:25:6:BLUE_LED_ON	8	static
../source/Drivers/RGB/rgb.c:30:6:BLUE_LED_OFF	8	static
../source/Drivers/RGB/rgb.c:35:6:RED_LED_ON	8	static
../source/Drivers/RGB/rgb.c:40:6:RED_LED_OFF	8	static
../source/Drivers/RGB/rgb.c:45:6:GREEN_LED_ON	8	static
../source/Drivers/RGB/rgb.c:50:6:GREEN_LED_OFF	8	static
