../source/Drivers/web_config/web_config_d.c:48:12:CGI_HandleGet	80	static
../source/Drivers/web_config/web_config_d.c:97:12:CGI_HandlePost	512	static
../source/Drivers/web_config/web_config_d.c:224:12:CGI_HandleReset	104	static
../source/Drivers/web_config/web_config_d.c:268:12:CGI_HandleStatus	360	static
../source/Drivers/web_config/web_config_d.c:316:13:LinkStatusChangeCallback	16	static
../source/Drivers/web_config/web_config_d.c:335:6:main_task	192	static
../source/Drivers/web_config/web_config_d.c:436:17:SetBoardToAP	32	static
../source/Drivers/web_config/web_config_d.c:464:17:CleanUpAP	8	static
../source/Drivers/web_config/web_config_d.c:481:17:SetBoardToClient	32	static
../source/Drivers/web_config/web_config_d.c:565:17:CleanUpClient	8	static
