C:\Enr\redes\frdmrw612_wifi_webconfig\CMSIS/core_cm33.h:2358:22:__NVIC_EnableIRQ	16	static
C:\Enr\redes\frdmrw612_wifi_webconfig\CMSIS/core_cm33.h:2396:22:__NVIC_DisableIRQ	16	static
C:\Enr\redes\frdmrw612_wifi_webconfig\CMSIS/core_cm33.h:2449:22:__NVIC_ClearPendingIRQ	16	static
C:\Enr\redes\frdmrw612_wifi_webconfig\CMSIS/core_cm33.h:2555:22:__NVIC_SetPriority	16	static
C:\Enr\redes\frdmrw612_wifi_webconfig\drivers/fsl_common_arm.h:586:24:EnableIRQ	24	static
C:\Enr\redes\frdmrw612_wifi_webconfig\drivers/fsl_common_arm.h:630:24:DisableIRQ	24	static
C:\Enr\redes\frdmrw612_wifi_webconfig\drivers/fsl_power.h:379:22:PMU_EnableWlanWakeup	16	static
C:\Enr\redes\frdmrw612_wifi_webconfig\drivers/fsl_power.h:388:22:PMU_DisableWlanWakeup	16	static
../wifi/wifidriver/wifi-imu.c:143:13:wifi_init_imulink	8	static
../wifi/wifidriver/wifi-imu.c:150:27:wifi_send_fw_cmd	32	static
../wifi/wifidriver/wifi-imu.c:179:27:wifi_send_fw_data	16	static
../wifi/wifidriver/wifi-imu.c:187:5:wifi_imu_lock	8	static
../wifi/wifidriver/wifi-imu.c:192:6:wifi_imu_unlock	8	static
../wifi/wifidriver/wifi-imu.c:197:10:wifi_get_device_value1	4	static
../wifi/wifidriver/wifi-imu.c:202:5:wifi_get_device_mac_addr	16	static
../wifi/wifidriver/wifi-imu.c:208:5:wifi_get_device_uap_mac_addr	16	static
../wifi/wifidriver/wifi-imu.c:214:5:wifi_get_device_firmware_version_ext	16	static
../wifi/wifidriver/wifi-imu.c:221:12:wlan_init_struct	16	static
../wifi/wifidriver/wifi-imu.c:234:12:wlan_deinit_struct	24	static
../wifi/wifidriver/wifi-imu.c:253:5:raw_process_pkt_hdrs	40	static
../wifi/wifidriver/wifi-imu.c:283:6:process_pkt_hdrs	40	static
../wifi/wifidriver/wifi-imu.c:338:6:process_pkt_hdrs_flags	24	static
../wifi/wifidriver/wifi-imu.c:344:5:bus_register_event_queue	16	static
../wifi/wifidriver/wifi-imu.c:354:6:bus_deregister_event_queue	4	static
../wifi/wifidriver/wifi-imu.c:360:5:bus_register_data_input_function	16	static
../wifi/wifidriver/wifi-imu.c:372:6:bus_deregister_data_input_funtion	4	static
../wifi/wifidriver/wifi-imu.c:382:20:wlan_handle_vdllv2_event_packet	24	static
../wifi/wifidriver/wifi-imu.c:406:13:wlan_handle_cmd_resp_packet	40	static
../wifi/wifidriver/wifi-imu.c:526:20:wlan_decode_rx_packet	48	static
../wifi/wifidriver/wifi-imu.c:614:21:wlan_get_next_seq_num	4	static
../wifi/wifidriver/wifi-imu.c:620:12:_wlan_set_cal_data	16	static
../wifi/wifidriver/wifi-imu.c:658:12:wlan_get_hw_spec	16	static
../wifi/wifidriver/wifi-imu.c:673:12:wlan_get_mac_addr_sta	16	static
../wifi/wifidriver/wifi-imu.c:690:12:wlan_get_mac_addr_uap	16	static
../wifi/wifidriver/wifi-imu.c:711:12:wlan_get_fw_ver_ext	24	static
../wifi/wifidriver/wifi-imu.c:730:12:wlan_get_value1	16	static
../wifi/wifidriver/wifi-imu.c:746:12:_wlan_set_mac_addr	16	static
../wifi/wifidriver/wifi-imu.c:763:12:wlan_set_11n_cfg	8	static
../wifi/wifidriver/wifi-imu.c:850:12:wlan_set_mac_ctrl	16	static
../wifi/wifidriver/wifi-imu.c:867:12:wlan_cmd_init	8	static
../wifi/wifidriver/wifi-imu.c:907:12:wlan_wait_for_last_resp_rcvd	32	static
../wifi/wifidriver/wifi-imu.c:930:12:wlan_fw_init_cfg	8	static
../wifi/wifidriver/wifi-imu.c:1104:5:wlan_send_imu_cmd	24	static
../wifi/wifidriver/wifi-imu.c:1121:5:wifi_send_cmdbuffer	8	static
../wifi/wifidriver/wifi-imu.c:1126:10:wifi_get_imu_outbuf	16	static
../wifi/wifidriver/wifi-imu.c:1138:13:wlan_xmit_pkt	40	static
../wifi/wifidriver/wifi-imu.c:1172:13:wlan_xmit_bypass_pkt	32	static
../wifi/wifidriver/wifi-imu.c:1211:13:wlan_xmit_wmm_pkt	32	static
../wifi/wifidriver/wifi-imu.c:1269:13:wlan_flush_wmm_pkt	24	static
../wifi/wifidriver/wifi-imu.c:1369:13:wlan_send_null_packet	56	static
../wifi/wifidriver/wifi-imu.c:1394:20:imumc_cmdrsp_handler	16	static
../wifi/wifidriver/wifi-imu.c:1416:20:imumc_event_handler	16	static
../wifi/wifidriver/wifi-imu.c:1445:20:imumc_rxpkt_handler	40	static
../wifi/wifidriver/wifi-imu.c:1506:13:imu_fw_is_hang	16	static
../wifi/wifidriver/wifi-imu.c:1516:20:imumc_ctrl_handler	24	static
../wifi/wifidriver/wifi-imu.c:1554:6:imu_wakeup_card	8	static
../wifi/wifidriver/wifi-imu.c:1560:6:W2MWKUP_DONE0_DriverIRQHandler	16	static
../wifi/wifidriver/wifi-imu.c:1571:6:mlan_init_wakeup_irq	8	static
../wifi/wifidriver/wifi-imu.c:1580:6:mlan_deinit_wakeup_irq	8	static
../wifi/wifidriver/wifi-imu.c:1588:13:imu_wifi_init	48	static
../wifi/wifidriver/wifi-imu.c:1702:6:imu_wifi_deinit	16	static
../wifi/wifidriver/wifi-imu.c:1728:6:imu_uninstall_callback	8	static
../wifi/wifidriver/wifi-imu.c:1736:21:wifi_get_command_buffer	4	static
../wifi/wifidriver/wifi-imu.c:1747:5:imu_create_task_lock	16	static
../wifi/wifidriver/wifi-imu.c:1761:6:imu_delete_task_lock	8	static
../wifi/wifidriver/wifi-imu.c:1766:5:imu_get_task_lock	16	static
../wifi/wifidriver/wifi-imu.c:1780:5:imu_put_task_lock	16	static
