C:\Enr\redes\frdmrw612_wifi_webconfig\wifi\wifidriver\wpa_supp_if\incl/wifi_nxp_internal.h:500:21:freq_to_chan	24	static
../wifi/wifidriver/wifi-uap.c:56:13:wifi_check_11ac_capability	24	static
../wifi/wifidriver/wifi-uap.c:97:12:wifi_uap_set_11ac_status	56	static
../wifi/wifidriver/wifi-uap.c:170:13:wifi_check_11ax_capability	24	static
../wifi/wifidriver/wifi-uap.c:209:5:wifi_uap_set_11ax_status	80	static
../wifi/wifidriver/wifi-uap.c:277:6:wifi_uap_clear_domain_info	16	static
../wifi/wifidriver/wifi-uap.c:294:5:wifi_uap_prepare_and_send_cmd	48	static
../wifi/wifidriver/wifi-uap.c:335:5:wifi_uap_downld_domain_params	56	static
../wifi/wifidriver/wifi-uap.c:380:12:wifi_cmd_uap_config	1248	static
../wifi/wifidriver/wifi-uap.c:778:5:wifi_uap_enable_11d_support	4	static
../wifi/wifidriver/wifi-uap.c:787:5:wifi_uap_ctrl_deauth	40	static
../wifi/wifidriver/wifi-uap.c:794:6:wifi_uap_set_beacon_period	16	static
../wifi/wifidriver/wifi-uap.c:799:5:wifi_uap_set_bandwidth	16	static
../wifi/wifidriver/wifi-uap.c:813:6:wifi_uap_get_bandwidth	4	static
../wifi/wifidriver/wifi-uap.c:818:6:wifi_uap_set_hidden_ssid	16	static
../wifi/wifidriver/wifi-uap.c:823:6:wifi_uap_set_ecsa	4	static
../wifi/wifidriver/wifi-uap.c:830:6:wifi_uap_set_htcapinfo	16	static
../wifi/wifidriver/wifi-uap.c:835:6:wifi_uap_set_httxcfg	16	static
../wifi/wifidriver/wifi-uap.c:947:6:wifi_uap_config_wifi_capa	16	static
../wifi/wifidriver/wifi-uap.c:999:5:wifi_uap_start	288	static
../wifi/wifidriver/wifi-uap.c:1090:5:wifi_uap_bss_sta_list	40	static
../wifi/wifidriver/wifi-uap.c:1107:5:wifi_sta_deauth	48	static
../wifi/wifidriver/wifi-uap.c:1130:5:wifi_uap_stop	32	static
../wifi/wifidriver/wifi-uap.c:1194:5:wifi_uap_do_acs	120	static
../wifi/wifidriver/wifi-uap.c:1408:6:wifi_uap_handle_cmd_resp	96	static
../wifi/wifidriver/wifi-uap.c:1550:5:wifi_uap_rates_getset	40	static
../wifi/wifidriver/wifi-uap.c:1592:5:wifi_uap_mcbc_rate_getset	40	static
../wifi/wifidriver/wifi-uap.c:1630:5:wifi_uap_tx_power_getset	40	static
../wifi/wifidriver/wifi-uap.c:1667:5:wifi_uap_sta_ageout_timer_getset	40	static
../wifi/wifidriver/wifi-uap.c:1704:5:wifi_uap_ps_sta_ageout_timer_getset	40	static
../wifi/wifidriver/wifi-uap.c:1741:5:wifi_uap_group_rekey_timer_getset	40	static
../wifi/wifidriver/wifi-uap.c:1779:12:wifi_send_uap_get_channel_cmd	48	static
../wifi/wifidriver/wifi-uap.c:1801:12:wifi_send_uap_max_sta_num_cmd	48	static
../wifi/wifidriver/wifi-uap.c:1832:5:wifi_get_uap_max_clients	16	static
../wifi/wifidriver/wifi-uap.c:1837:5:wifi_set_uap_max_clients	16	static
../wifi/wifidriver/wifi-uap.c:1847:5:wifi_get_uap_channel	16	static
../wifi/wifidriver/wifi-uap.c:1852:5:wifi_uap_pmf_getset	40	static
../wifi/wifidriver/wifi-uap.c:1893:5:wifi_set_sta_mac_filter	56	static
