D:\MCUXpresso_Workspace\frdmrw612_wifi_webconfig\wifi\incl\wlcmgr/wlan.h:4940:20:print_mac	40	static
D:\MCUXpresso_Workspace\frdmrw612_wifi_webconfig\wifi\wifidriver\incl/mlan_util.h:108:33:util_peek_list	32	static
D:\MCUXpresso_Workspace\frdmrw612_wifi_webconfig\wifi\wifidriver\incl/mlan_main.h:2940:22:wlan_get_priv	24	static
D:\MCUXpresso_Workspace\frdmrw612_wifi_webconfig\wifi\wifidriver\incl/mlan_wmm.h:73:22:wlan_request_ralist_lock	16	static
D:\MCUXpresso_Workspace\frdmrw612_wifi_webconfig\wifi\wifidriver\incl/mlan_wmm.h:91:22:wlan_release_ralist_lock	16	static
../wifi/wifidriver/mlan_glue.c:162:14:wifi_11n_save_request	24	static
../wifi/wifidriver/mlan_glue.c:181:6:wrapper_deliver_amsdu_subframe	32	static
../wifi/wifidriver/mlan_glue.c:188:20:wrapper_moal_recv_packet	24	static
../wifi/wifidriver/mlan_glue.c:229:9:wrapper_moal_memcpy_ext	32	static
../wifi/wifidriver/mlan_glue.c:239:20:wrapper_moal_init_timer	40	static
../wifi/wifidriver/mlan_glue.c:277:20:wrapper_moal_start_timer	32	static
../wifi/wifidriver/mlan_glue.c:310:20:wrapper_moal_reset_timer	24	static
../wifi/wifidriver/mlan_glue.c:325:20:wrapper_moal_stop_timer	24	static
../wifi/wifidriver/mlan_glue.c:340:20:wrapper_moal_free_timer	24	static
../wifi/wifidriver/mlan_glue.c:354:20:wrapper_moal_init_lock	16	static
../wifi/wifidriver/mlan_glue.c:363:20:wrapper_moal_free_lock	16	static
../wifi/wifidriver/mlan_glue.c:372:20:wrapper_moal_spin_lock	16	static
../wifi/wifidriver/mlan_glue.c:381:20:wrapper_moal_spin_unlock	16	static
../wifi/wifidriver/mlan_glue.c:391:20:wrapper_moal_init_semaphore	24	static
../wifi/wifidriver/mlan_glue.c:403:20:wrapper_moal_free_semaphore	16	static
../wifi/wifidriver/mlan_glue.c:414:20:wrapper_moal_semaphore_get	16	static
../wifi/wifidriver/mlan_glue.c:425:20:wrapper_moal_semaphore_put	16	static
../wifi/wifidriver/mlan_glue.c:457:5:mlan_subsys_init	8	static
../wifi/wifidriver/mlan_glue.c:496:5:mlan_subsys_deinit	8	static
../wifi/wifidriver/mlan_glue.c:508:5:wrapper_wlan_cmd_11n_addba_rspgen	24	static
../wifi/wifidriver/mlan_glue.c:545:5:wrapper_wlan_cmd_11n_ba_stream_timeout	24	static
../wifi/wifidriver/mlan_glue.c:560:5:wrapper_wlan_cmd_11n_delba_rspgen	24	static
../wifi/wifidriver/mlan_glue.c:575:6:wrapper_wlan_update_uap_rxrate_info	24	static
../wifi/wifidriver/mlan_glue.c:587:5:wrapper_wlan_uap_ampdu_enable	32	static
../wifi/wifidriver/mlan_glue.c:636:20:do_wlan_ret_11n_addba_resp	32	static
../wifi/wifidriver/mlan_glue.c:662:20:do_wlan_ret_11n_addba_req	32	static
../wifi/wifidriver/mlan_glue.c:732:20:do_wlan_ret_11n_delba	32	static
../wifi/wifidriver/mlan_glue.c:755:5:wrapper_wlan_sta_ampdu_enable	40	static
../wifi/wifidriver/mlan_glue.c:825:5:wrapper_wlan_11d_enable	40	static
../wifi/wifidriver/mlan_glue.c:842:5:wrapper_wlan_uap_11d_enable	40	static
../wifi/wifidriver/mlan_glue.c:859:5:wifi_11h_enable	32	static
../wifi/wifidriver/mlan_glue.c:876:5:wrapper_wlan_ecsa_enable	32	static
../wifi/wifidriver/mlan_glue.c:900:5:wrapper_wlan_cmd_get_hw_spec	16	static
../wifi/wifidriver/mlan_glue.c:912:13:wrapper_wlan_cmd_mgmt_ie	1184	static
../wifi/wifidriver/mlan_glue.c:942:5:wrapper_wlan_handle_rx_packet	32	static
../wifi/wifidriver/mlan_glue.c:1067:5:wrapper_wlan_handle_amsdu_rx_packet	32	static
../wifi/wifidriver/mlan_glue.c:1157:6:register_monitor_user_callback	16	static
../wifi/wifidriver/mlan_glue.c:1162:6:deregister_monitor_user_callback	4	static
../wifi/wifidriver/mlan_glue.c:1167:6:set_monitor_flag	16	static
../wifi/wifidriver/mlan_glue.c:1172:6:get_monitor_flag	4	static
../wifi/wifidriver/mlan_glue.c:1177:6:user_recv_monitor_data	32	static
../wifi/wifidriver/mlan_glue.c:1220:6:wrapper_wlan_cmd_11n_cfg	24	static
../wifi/wifidriver/mlan_glue.c:1236:6:set_event_chanswann	4	static
../wifi/wifidriver/mlan_glue.c:1241:6:clear_event_chanswann	4	static
../wifi/wifidriver/mlan_glue.c:1246:6:wrapper_wlan_11d_clear_parsedtable	16	static
../wifi/wifidriver/mlan_glue.c:1265:6:wrapper_clear_media_connected_event	16	static
../wifi/wifidriver/mlan_glue.c:1271:13:wifi_prepare_and_send_cmd	56	static
../wifi/wifidriver/mlan_glue.c:1318:6:wmsdk_is_11N_enabled	4	static
../wifi/wifidriver/mlan_glue.c:1323:18:wifi_send_bss_ioctl	56	static
../wifi/wifidriver/mlan_glue.c:1343:5:wrapper_get_wpa_ie_in_assoc	24	static
../wifi/wifidriver/mlan_glue.c:1353:12:wifi_send_11n_cfg_ioctl	56	static
../wifi/wifidriver/mlan_glue.c:1374:12:wifi_send_uap_11n_cfg_ioctl	56	static
../wifi/wifidriver/mlan_glue.c:1395:5:wifi_set_txbfcap	40	static
../wifi/wifidriver/mlan_glue.c:1407:5:wifi_set_htcapinfo	40	static
../wifi/wifidriver/mlan_glue.c:1424:5:wifi_set_httxcfg	40	static
../wifi/wifidriver/mlan_glue.c:1441:5:wifi_uap_set_httxcfg_int	40	static
../wifi/wifidriver/mlan_glue.c:1458:12:wifi_send_tx_power_cfg_ioctl	56	static
../wifi/wifidriver/mlan_glue.c:1479:5:wifi_set_tx_power	536	static
../wifi/wifidriver/mlan_glue.c:1492:5:wifi_set_tx_power_ext	536	static
../wifi/wifidriver/mlan_glue.c:1505:5:wifi_get_tx_power	576	static
../wifi/wifidriver/mlan_glue.c:1528:12:wifi_send_tx_rate_cfg_ioctl	56	static
../wifi/wifidriver/mlan_glue.c:1570:5:wifi_set_txratecfg	88	static
../wifi/wifidriver/mlan_glue.c:1618:5:wifi_get_txratecfg	104	static
../wifi/wifidriver/mlan_glue.c:1642:6:wrapper_wlan_11d_support_is_enabled	16	static
../wifi/wifidriver/mlan_glue.c:1652:5:wrapper_wifi_assoc	1176	static
../wifi/wifidriver/mlan_glue.c:2454:13:compute_rssi_values	16	static
../wifi/wifidriver/mlan_glue.c:2475:13:wifi_set_hostcmd_resp	24	static
../wifi/wifidriver/mlan_glue.c:2496:13:load_bss_list	40	static
../wifi/wifidriver/mlan_glue.c:2555:13:load_ver_ext	24	static
../wifi/wifidriver/mlan_glue.c:2571:5:wifi_process_cmd_response	408	static
../wifi/wifidriver/mlan_glue.c:4374:7:wlan_get_specific_ie	40	static
../wifi/wifidriver/mlan_glue.c:4442:13:wrapper_wlan_check_sta_capability	80	static
../wifi/wifidriver/mlan_glue.c:4577:13:wrapper_wlan_check_uap_capability	32	static
../wifi/wifidriver/mlan_glue.c:4677:20:wifi_wmm_queue_lock	16	static
../wifi/wifidriver/mlan_glue.c:4682:20:wifi_wmm_queue_unlock	16	static
../wifi/wifidriver/mlan_glue.c:4687:20:wifi_wmm_trigger_tx	16	static
../wifi/wifidriver/mlan_glue.c:4699:13:wifi_sta_handle_event_data_pause	40	static
../wifi/wifidriver/mlan_glue.c:4744:13:wifi_uap_handle_event_data_pause	24	static
../wifi/wifidriver/mlan_glue.c:4775:6:wifi_handle_event_data_pause	48	static
../wifi/wifidriver/mlan_glue.c:4820:13:wifi_handle_event_tx_status_report	16	static
../wifi/wifidriver/mlan_glue.c:4841:13:wifi_handle_blocked_sta_report	32	static
../wifi/wifidriver/mlan_glue.c:4886:5:wifi_request_bgscan	40	static
../wifi/wifidriver/mlan_glue.c:4899:5:wifi_set_rssi_low_threshold	80	static
../wifi/wifidriver/mlan_glue.c:4929:5:wifi_request_bgscan_query	40	static
../wifi/wifidriver/mlan_glue.c:4941:5:wifi_config_bgscan_and_rssi	32	static
../wifi/wifidriver/mlan_glue.c:5004:13:wifi_stop_bgscan	16	static
../wifi/wifidriver/mlan_glue.c:5019:5:wifi_handle_fw_event	80	static
../wifi/wifidriver/mlan_glue.c:5728:13:process_rsn_ie	72	static
../wifi/wifidriver/mlan_glue.c:5920:13:process_wpa_ie	72	static
../wifi/wifidriver/mlan_glue.c:6053:5:wrapper_bssdesc_first_set	40	static
../wifi/wifidriver/mlan_glue.c:6149:5:wrapper_bssdesc_second_set	32	static
../wifi/wifidriver/mlan_glue.c:6292:5:wifi_get_scan_result_count	16	static
../wifi/wifidriver/mlan_glue.c:6303:5:wrapper_wlan_set_regiontable	24	static
../wifi/wifidriver/mlan_glue.c:6318:6:wifi_scan_process_results	16	static
../wifi/wifidriver/mlan_glue.c:6342:6:check_for_wpa2_entp_ie	32	static
../wifi/wifidriver/mlan_glue.c:6389:6:wifi_get_value1_from_cmdresp	16	static
../wifi/wifidriver/mlan_glue.c:6400:6:wifi_get_mac_address_from_cmdresp	16	static
../wifi/wifidriver/mlan_glue.c:6405:6:wifi_get_firmware_ver_ext_from_cmdresp	40	static
../wifi/wifidriver/mlan_glue.c:6465:6:wifi_prepare_set_cal_data_cmd	16	static
../wifi/wifidriver/mlan_glue.c:6489:5:wifi_set_region_power_cfg	40	static
../wifi/wifidriver/mlan_glue.c:6506:6:wifi_prepare_get_hw_spec_cmd	16	static
../wifi/wifidriver/mlan_glue.c:6514:6:wifi_prepare_reconfigure_tx_buf_cmd	16	static
../wifi/wifidriver/mlan_glue.c:6528:6:wifi_prepare_get_mac_addr_cmd	16	static
../wifi/wifidriver/mlan_glue.c:6537:6:wifi_prepare_get_fw_ver_ext_cmd	24	static
../wifi/wifidriver/mlan_glue.c:6546:6:wifi_prepare_get_value1	16	static
../wifi/wifidriver/mlan_glue.c:6558:6:wifi_prepare_set_mac_addr_cmd	16	static
../wifi/wifidriver/mlan_glue.c:6581:6:wifi_prepare_enable_amsdu_cmd	16	static
../wifi/wifidriver/mlan_glue.c:6606:6:wlan_prepare_mac_control_cmd	16	static
../wifi/wifidriver/mlan_glue.c:6623:6:wifi_set_cal_data	16	static
../wifi/wifidriver/mlan_glue.c:6630:6:wifi_set_mac_addr	16	static
../wifi/wifidriver/mlan_glue.c:6636:6:_wifi_set_mac_addr	40	static
../wifi/wifidriver/mlan_glue.c:6678:6:wifi_check_no_packet_indication	16	static
../wifi/wifidriver/mlan_glue.c:6693:6:wifi_check_last_packet_indication	16	static
../wifi/wifidriver/mlan_glue.c:6701:5:wifi_wmm_qos_cfg	400	static
../wifi/wifidriver/mlan_glue.c:6727:5:wifi_sleep_period	120	static
../wifi/wifidriver/mlan_glue.c:6819:5:wifi_set_txrx_histogram	48	static
../wifi/wifidriver/mlan_glue.c:6848:5:wifi_set_get_rx_abort_cfg	40	static
../wifi/wifidriver/mlan_glue.c:6861:5:wifi_set_get_rx_abort_cfg_ext	40	static
../wifi/wifidriver/mlan_glue.c:6876:5:wifi_set_get_cck_desense_cfg	40	static
../wifi/wifidriver/mlan_glue.c:6897:5:wifi_config_roaming	24	static
../wifi/wifidriver/mlan_glue.c:6927:5:wifi_set_11ax_tx_omi	88	static
../wifi/wifidriver/mlan_glue.c:6973:5:wifi_set_11ax_tol_time	80	static
../wifi/wifidriver/mlan_glue.c:6999:5:wifi_set_11ax_rutxpowerlimit	40	static
../wifi/wifidriver/mlan_glue.c:7037:5:wifi_set_11ax_rutxpowerlimit_legacy	48	static
../wifi/wifidriver/mlan_glue.c:7078:5:wifi_get_11ax_rutxpowerlimit_legacy	32	static
../wifi/wifidriver/mlan_glue.c:7102:5:wifi_set_11ax_cfg	32	static
../wifi/wifidriver/mlan_glue.c:7111:5:wifi_set_btwt_cfg	24	static
../wifi/wifidriver/mlan_glue.c:7127:5:wifi_set_twt_setup_cfg	96	static
../wifi/wifidriver/mlan_glue.c:7174:5:wifi_set_twt_teardown_cfg	88	static
../wifi/wifidriver/mlan_glue.c:7193:5:wifi_get_twt_report	88	static
../wifi/wifidriver/mlan_glue.c:7215:5:wifi_set_clocksync_cfg	2120	static
../wifi/wifidriver/mlan_glue.c:7248:5:wifi_get_tsf_info	2120	static
../wifi/wifidriver/mlan_glue.c:7279:13:wifi_wmm_tx_stats_dump_ralist	48	static
../wifi/wifidriver/mlan_glue.c:7293:6:wifi_wmm_tx_stats_dump	40	static
../wifi/wifidriver/mlan_glue.c:7483:5:wifi_subscribe_event_submit	40	static
../wifi/wifidriver/mlan_glue.c:7517:5:wifi_get_subscribe_event	16	static
../wifi/wifidriver/mlan_glue.c:7535:5:wifi_clear_subscribe_event	56	static
../wifi/wifidriver/mlan_glue.c:7546:5:wifi_set_threshold_rssi_low	64	static
../wifi/wifidriver/mlan_glue.c:7557:5:wifi_set_threshold_rssi_high	64	static
../wifi/wifidriver/mlan_glue.c:7568:5:wifi_set_threshold_snr_low	64	static
../wifi/wifidriver/mlan_glue.c:7580:5:wifi_set_threshold_snr_high	64	static
../wifi/wifidriver/mlan_glue.c:7591:5:wifi_set_threshold_max_fail	64	static
../wifi/wifidriver/mlan_glue.c:7603:5:wifi_set_threshold_beacon_miss	64	static
../wifi/wifidriver/mlan_glue.c:7615:5:wifi_set_threshold_data_rssi_low	64	static
../wifi/wifidriver/mlan_glue.c:7627:5:wifi_set_threshold_data_rssi_high	64	static
../wifi/wifidriver/mlan_glue.c:7639:5:wifi_set_threshold_data_snr_low	64	static
../wifi/wifidriver/mlan_glue.c:7651:5:wifi_set_threshold_data_snr_high	64	static
../wifi/wifidriver/mlan_glue.c:7663:5:wifi_set_threshold_link_quality	64	static
../wifi/wifidriver/mlan_glue.c:7683:5:wifi_set_threshold_pre_beacon_lost	64	static
../wifi/wifidriver/mlan_glue.c:7906:10:wifi_get_board_type	16	static
../wifi/wifidriver/mlan_glue.c:7928:6:wifi_cau_temperature_enable	16	static
../wifi/wifidriver/mlan_glue.c:7939:9:wifi_get_temperature	24	static
../wifi/wifidriver/mlan_glue.c:7973:5:wifi_cau_temperature_write_to_firmware	16	static
