D:\MCUXpresso_Workspace\frdmrw612_wifi_webconfig\wifi\wifidriver\incl/mlan_util.h:108:33:util_peek_list	32	static
D:\MCUXpresso_Workspace\frdmrw612_wifi_webconfig\wifi\wifidriver\incl/mlan_util.h:206:22:util_unlink_list	32	static
D:\MCUXpresso_Workspace\frdmrw612_wifi_webconfig\wifi\wifidriver\incl/mlan_util.h:240:33:util_dequeue_list	40	static
D:\MCUXpresso_Workspace\frdmrw612_wifi_webconfig\wifi\wifidriver\incl/mlan_api.h:61:20:panic	16	static
D:\MCUXpresso_Workspace\frdmrw612_wifi_webconfig\wifi\incl\port\net/wm_net.h:367:24:net_stack_buffer_skip	24	static
D:\MCUXpresso_Workspace\frdmrw612_wifi_webconfig\wifi\incl\port\net/wm_net.h:408:19:net_stack_buffer_copy_partial	24	static
../wifi/wifidriver/wifi.c:221:10:wifi_get_last_cmd_sent_ms	4	static
../wifi/wifidriver/wifi.c:226:10:wifi_get_value1	8	static
../wifi/wifidriver/wifi.c:232:6:wifi_wake_up_card	16	static
../wifi/wifidriver/wifi.c:252:6:wifi_get_xfer_pending	4	static
../wifi/wifidriver/wifi.c:259:6:wifi_set_xfer_pending	16	static
../wifi/wifidriver/wifi.c:264:6:wifi_update_last_cmd_sent_ms	8	static
../wifi/wifidriver/wifi.c:269:12:wifi_get_command_resp_sem	16	static
../wifi/wifidriver/wifi.c:274:5:wifi_put_command_resp_sem	8	static
../wifi/wifidriver/wifi.c:281:5:wifi_get_command_lock	16	static
../wifi/wifidriver/wifi.c:298:5:wifi_put_command_lock	16	static
../wifi/wifidriver/wifi.c:315:12:wifi_get_mcastf_lock	16	static
../wifi/wifidriver/wifi.c:329:12:wifi_put_mcastf_lock	16	static
../wifi/wifidriver/wifi.c:1130:5:wifi_wait_for_cmdresp	48	static
../wifi/wifidriver/wifi.c:1316:5:wifi_event_completion	24	static
../wifi/wifidriver/wifi.c:1336:12:cmp_mac_addr	24	static
../wifi/wifidriver/wifi.c:1355:12:add_mcast_ip	24	static
../wifi/wifidriver/wifi.c:1405:12:remove_mcast_ip	24	static
../wifi/wifidriver/wifi.c:1460:12:make_filter_list	24	static
../wifi/wifidriver/wifi.c:1481:6:wifi_get_ipv4_multicast_mac	32	static
../wifi/wifidriver/wifi.c:1508:6:wifi_get_ipv6_multicast_mac	32	static
../wifi/wifidriver/wifi.c:1532:5:wifi_add_mcast_filter	216	static
../wifi/wifidriver/wifi.c:1556:5:wifi_remove_mcast_filter	216	static
../wifi/wifidriver/wifi.c:1581:6:wifi_remove_all_mcast_filter	24	static
../wifi/wifidriver/wifi.c:1607:5:wifi_get_scan_result	80	static
../wifi/wifidriver/wifi.c:1660:5:wifi_register_event_queue	16	static
../wifi/wifidriver/wifi.c:1676:5:wifi_unregister_event_queue	16	static
../wifi/wifidriver/wifi.c:1688:5:wifi_get_wpa_ie_in_assoc	16	static
../wifi/wifidriver/wifi.c:1695:13:wifi_drv_task	32	static
../wifi/wifidriver/wifi.c:1798:6:wifi_user_scan_config_cleanup	8	static
../wifi/wifidriver/wifi.c:1811:6:wifi_scan_stop	8	static
../wifi/wifidriver/wifi.c:1826:13:wifi_scan_task	40	static
../wifi/wifidriver/wifi.c:1878:13:wifi_powersave_task	32	static
../wifi/wifidriver/wifi.c:1918:12:wifi_core_init	16	static
../wifi/wifidriver/wifi.c:2110:13:wifi_core_deinit	16	static
../wifi/wifidriver/wifi.c:2182:5:wifi_init	24	static
../wifi/wifidriver/wifi.c:2364:6:wifi_deinit	8	static
../wifi/wifidriver/wifi.c:2383:6:wifi_fw_is_hang	8	static
../wifi/wifidriver/wifi.c:2390:6:wifi_destroy_wifidriver_tasks	8	static
../wifi/wifidriver/wifi.c:2405:6:wifi_set_tx_status	16	static
../wifi/wifidriver/wifi.c:2410:6:wifi_set_rx_status	16	static
../wifi/wifidriver/wifi.c:2415:6:wifi_set_packet_retry_count	16	static
../wifi/wifidriver/wifi.c:2420:6:wifi_sta_ampdu_tx_enable	4	static
../wifi/wifidriver/wifi.c:2425:6:wifi_sta_ampdu_tx_disable	4	static
../wifi/wifidriver/wifi.c:2430:6:wifi_sta_ampdu_tx_enable_per_tid	16	static
../wifi/wifidriver/wifi.c:2435:6:wifi_sta_ampdu_tx_enable_per_tid_is_allowed	16	static
../wifi/wifidriver/wifi.c:2443:6:wifi_sta_ampdu_rx_enable	4	static
../wifi/wifidriver/wifi.c:2448:6:wifi_sta_ampdu_rx_disable	4	static
../wifi/wifidriver/wifi.c:2453:6:wifi_sta_ampdu_rx_enable_per_tid	16	static
../wifi/wifidriver/wifi.c:2458:6:wifi_sta_ampdu_rx_enable_per_tid_is_allowed	16	static
../wifi/wifidriver/wifi.c:2466:6:wifi_uap_ampdu_tx_enable	4	static
../wifi/wifidriver/wifi.c:2471:6:wifi_uap_ampdu_tx_disable	4	static
../wifi/wifidriver/wifi.c:2476:6:wifi_uap_ampdu_tx_enable_per_tid	16	static
../wifi/wifidriver/wifi.c:2481:6:wifi_uap_ampdu_tx_enable_per_tid_is_allowed	16	static
../wifi/wifidriver/wifi.c:2489:6:wifi_uap_ampdu_rx_enable	4	static
../wifi/wifidriver/wifi.c:2494:6:wifi_uap_ampdu_rx_disable	4	static
../wifi/wifidriver/wifi.c:2499:6:wifi_uap_ampdu_rx_enable_per_tid	16	static
../wifi/wifidriver/wifi.c:2504:6:wifi_uap_ampdu_rx_enable_per_tid_is_allowed	16	static
../wifi/wifidriver/wifi.c:2531:5:wifi_register_data_input_callback	16	static
../wifi/wifidriver/wifi.c:2564:6:wifi_deregister_data_input_callback	4	static
../wifi/wifidriver/wifi.c:2569:5:wifi_register_amsdu_data_input_callback	16	static
../wifi/wifidriver/wifi.c:2583:6:wifi_deregister_amsdu_data_input_callback	4	static
../wifi/wifidriver/wifi.c:2588:5:wifi_register_deliver_packet_above_callback	16	static
../wifi/wifidriver/wifi.c:2602:6:wifi_deregister_deliver_packet_above_callback	4	static
../wifi/wifidriver/wifi.c:2607:5:wifi_register_wrapper_net_is_ip_or_ipv6_callback	16	static
../wifi/wifidriver/wifi.c:2619:6:wifi_deregister_wrapper_net_is_ip_or_ipv6_callback	4	static
../wifi/wifidriver/wifi.c:3182:12:wifi_low_level_input	16	static
../wifi/wifidriver/wifi.c:3241:6:wifi_tx_card_awake_lock	16	static
../wifi/wifidriver/wifi.c:3263:6:wifi_tx_card_awake_unlock	8	static
../wifi/wifidriver/wifi.c:3285:6:wifi_wmm_init	32	static
../wifi/wifidriver/wifi.c:3303:7:wifi_wmm_get_pkt_prio	48	static
../wifi/wifidriver/wifi.c:3350:13:wifi_wmm_get_packet_cnt	4	static
../wifi/wifidriver/wifi.c:3438:6:wifi_txbuf_available	8	static
../wifi/wifidriver/wifi.c:3447:20:wifi_is_max_tx_cnt	16	static
../wifi/wifidriver/wifi.c:3457:20:wifi_xmit_pkts	32	static
../wifi/wifidriver/wifi.c:3501:20:wifi_xmit_ralist_pkts	32	static
../wifi/wifidriver/wifi.c:3543:12:wifi_xmit_wmm_ac_pkts_enh	40	static
../wifi/wifidriver/wifi.c:3588:8:wlan_process_bypass_txq	32	static
../wifi/wifidriver/wifi.c:3671:5:send_wifi_driver_tx_data_event	24	static
../wifi/wifidriver/wifi.c:3693:5:send_wifi_driver_tx_null_data_event	24	static
../wifi/wifidriver/wifi.c:3712:5:send_wifi_driver_bypass_data_event	24	static
../wifi/wifidriver/wifi.c:3731:13:wifi_drv_tx_task	48	static
../wifi/wifidriver/wifi.c:3980:5:wifi_add_to_bypassq	64	static
../wifi/wifidriver/wifi.c:4031:5:wifi_low_level_output	48	static
../wifi/wifidriver/wifi.c:4306:10:wifi_get_outbuf	16	static
../wifi/wifidriver/wifi.c:4425:12:raw_low_level_output	48	static
../wifi/wifidriver/wifi.c:4497:5:wifi_inject_frame	24	static
../wifi/wifidriver/wifi.c:4548:5:wifi_set_country_code	24	static
../wifi/wifidriver/wifi.c:4587:5:wifi_get_country_code	16	static
../wifi/wifidriver/wifi.c:4594:5:wifi_set_country_ie_ignore	16	static
../wifi/wifidriver/wifi.c:4914:5:wifi_supp_inject_frame	24	static
../wifi/wifidriver/wifi.c:4924:6:wifi_is_remain_on_channel	4	static
../wifi/wifidriver/wifi.c:4929:5:wifi_remain_on_channel	32	static
../wifi/wifidriver/wifi.c:4976:5:wifi_imu_get_task_lock	8	static
../wifi/wifidriver/wifi.c:4981:5:wifi_imu_put_task_lock	8	static
../wifi/wifidriver/wifi.c:4992:5:register_csi_user_callback	16	static
../wifi/wifidriver/wifi.c:4999:5:unregister_csi_user_callback	4	static
../wifi/wifidriver/wifi.c:5006:6:process_csi_info_callback	16	static
../wifi/wifidriver/wifi.c:5014:6:csi_local_buff_init	8	static
../wifi/wifidriver/wifi.c:5026:6:csi_save_data_to_local_buff	16	static
../wifi/wifidriver/wifi.c:5046:6:csi_deliver_data_to_user	24	static
