D:\MCUXpresso_Workspace\frdmrw612_wifi_webconfig\wifi\incl/wm_utils.h:114:28:wm_hex2bin	48	static
D:\MCUXpresso_Workspace\frdmrw612_wifi_webconfig\wifi\port\osa/osa_freertos.h:118:20:OSA_LockSchedule	8	static
D:\MCUXpresso_Workspace\frdmrw612_wifi_webconfig\wifi\port\osa/osa_freertos.h:124:20:OSA_UnlockSchedule	8	static
D:\MCUXpresso_Workspace\frdmrw612_wifi_webconfig\wifi\incl\wlcmgr/wlan.h:1034:19:is_valid_security	16	static
D:\MCUXpresso_Workspace\frdmrw612_wifi_webconfig\wifi\incl\wlcmgr/wlan.h:4940:20:print_mac	40	static
D:\MCUXpresso_Workspace\frdmrw612_wifi_webconfig\wifi\incl\port\net/wm_net.h:390:20:net_stack_buffer_free	16	static
D:\MCUXpresso_Workspace\frdmrw612_wifi_webconfig\wifi\incl\port\net/wm_net.h:422:21:net_stack_buffer_get_payload	16	static
D:\MCUXpresso_Workspace\frdmrw612_wifi_webconfig\wifi\incl\wlcmgr/wlan_11d.h:28:19:wlan_enable_11d	16	static
D:\MCUXpresso_Workspace\frdmrw612_wifi_webconfig\wifi\incl\wlcmgr/wlan_11d.h:47:19:wlan_enable_uap_11d	16	static
../wifi/wlcmgr/wlan.c:741:5:verify_scan_duration_value	16	static
../wifi/wlcmgr/wlan.c:750:5:verify_scan_channel_value	16	static
../wifi/wlcmgr/wlan.c:759:5:verify_split_scan_delay	16	static
../wifi/wlcmgr/wlan.c:768:5:set_scan_params	16	static
../wifi/wlcmgr/wlan.c:786:5:wlan_set_get_rx_abort_cfg	16	static
../wifi/wlcmgr/wlan.c:793:5:wlan_set_rx_abort_cfg_ext	16	static
../wifi/wlcmgr/wlan.c:798:5:wlan_get_rx_abort_cfg_ext	16	static
../wifi/wlcmgr/wlan.c:805:5:wlan_set_get_cck_desense_cfg	16	static
../wifi/wlcmgr/wlan.c:811:5:get_scan_params	16	static
../wifi/wlcmgr/wlan.c:819:6:wlan_dhcp_cleanup	8	static
../wifi/wlcmgr/wlan.c:868:5:wlan_is_started	4	static
../wifi/wlcmgr/wlan.c:873:13:is_user_scanning	4	static
../wifi/wlcmgr/wlan.c:878:13:is_state	16	static
../wifi/wlcmgr/wlan.c:888:13:is_uap_state	16	static
../wifi/wlcmgr/wlan.c:893:12:wlan_get_ipv4_addr	24	static
../wifi/wlcmgr/wlan.c:914:12:wlan_get_uap_ipv4_addr	24	static
../wifi/wlcmgr/wlan.c:1394:13:wlan_send_sleep_confirm	16	static
../wifi/wlcmgr/wlan.c:1406:12:is_bssid_any	16	static
../wifi/wlcmgr/wlan.c:1413:12:security_profile_matches	24	static
../wifi/wlcmgr/wlan.c:1538:12:network_matches_scan_result	72	static
../wifi/wlcmgr/wlan.c:1709:12:configure_security	48	static
../wifi/wlcmgr/wlan.c:1866:13:is_running	4	static
../wifi/wlcmgr/wlan.c:1871:13:is_sta_connecting	4	static
../wifi/wlcmgr/wlan.c:1877:13:is_scanning_allowed	8	static
../wifi/wlcmgr/wlan.c:1885:13:do_scan	72	static
../wifi/wlcmgr/wlan.c:1993:13:do_hidden_scan	72	static
../wifi/wlcmgr/wlan.c:2052:12:do_connect	16	static
../wifi/wlcmgr/wlan.c:2074:12:do_start	496	static
../wifi/wlcmgr/wlan.c:2271:12:do_stop	24	static
../wifi/wlcmgr/wlan.c:2307:13:do_connect_failed	16	static
../wifi/wlcmgr/wlan.c:2346:13:report_scan_results	16	static
../wifi/wlcmgr/wlan.c:2360:13:update_network_params	24	static
../wifi/wlcmgr/wlan.c:2540:12:start_association	40	static
../wifi/wlcmgr/wlan.c:2576:13:wlan_send_btm_response	32	static
../wifi/wlcmgr/wlan.c:2585:13:handle_scan_results	240	static
../wifi/wlcmgr/wlan.c:2811:13:wlan_disable_power_save	16	static
../wifi/wlcmgr/wlan.c:2835:13:wlan_enable_power_save	16	static
../wifi/wlcmgr/wlan.c:2859:13:wlcm_process_sleep_event	8	static
../wifi/wlcmgr/wlan.c:2864:13:wlcm_process_ieeeps_event	24	static
../wifi/wlcmgr/wlan.c:2898:13:wlcm_process_deepsleep_event	24	static
../wifi/wlcmgr/wlan.c:2988:13:wlcm_process_scan_result_event	16	static
../wifi/wlcmgr/wlan.c:3059:13:wlcm_process_sta_addr_config_event	32	static
../wifi/wlcmgr/wlan.c:3140:13:wlcm_process_channel_switch_ann	16	static
../wifi/wlcmgr/wlan.c:3388:13:wlcm_process_channel_switch	24	static
../wifi/wlcmgr/wlan.c:3478:13:wlcm_process_addba_request	16	static
../wifi/wlcmgr/wlan.c:3496:13:wlcm_process_delba_request	16	static
../wifi/wlcmgr/wlan.c:3514:13:wlcm_process_ba_stream_timeout_request	16	static
../wifi/wlcmgr/wlan.c:3534:13:wlcm_process_association_event	16	static
../wifi/wlcmgr/wlan.c:3654:13:wlcm_process_pmk_event	40	static
../wifi/wlcmgr/wlan.c:3677:13:wlcm_process_authentication_event	40	static
../wifi/wlcmgr/wlan.c:3876:13:wlcm_process_rssi_low_event	40	static
../wifi/wlcmgr/wlan.c:3947:13:wlan_sort_nlist_channels	24	static
../wifi/wlcmgr/wlan.c:4045:13:wlcm_process_neighbor_list_report_event	104	static
../wifi/wlcmgr/wlan.c:4253:12:wlan_check_valid_channel_operclass	64	static
../wifi/wlcmgr/wlan.c:4300:12:wlan_set_uap_ecsa_cfg	40	static
../wifi/wlcmgr/wlan.c:4354:13:wlan_switch_to_nondfs_channel	40	static
../wifi/wlcmgr/wlan.c:4383:13:wlcm_process_link_loss_event	32	static
../wifi/wlcmgr/wlan.c:4493:13:wlcm_process_disassoc_event	24	static
../wifi/wlcmgr/wlan.c:4530:13:wlcm_process_deauthentication_event	24	static
../wifi/wlcmgr/wlan.c:4558:13:wlcm_process_net_dhcp_config	48	static
../wifi/wlcmgr/wlan.c:4694:13:wlcm_process_net_ipv6_config	40	static
../wifi/wlcmgr/wlan.c:4742:5:wlan_rx_mgmt_indication	24	static
../wifi/wlcmgr/wlan.c:5352:13:wlcm_process_init_params	8	static
../wifi/wlcmgr/wlan.c:5372:13:wlcm_process_init	16	static
../wifi/wlcmgr/wlan.c:5486:13:wlcm_process_net_if_config_event	16	static
../wifi/wlcmgr/wlan.c:5582:26:uap_state_machine	32	static
../wifi/wlcmgr/wlan.c:5748:13:wlcm_request_scan	416	static
../wifi/wlcmgr/wlan.c:5865:13:wlcm_deinit	16	static
../wifi/wlcmgr/wlan.c:5879:13:wlcm_request_disconnect	24	static
../wifi/wlcmgr/wlan.c:6035:13:wlcm_request_connect	32	static
../wifi/wlcmgr/wlan.c:6109:13:wlcm_request_reconnect	24	static
../wifi/wlcmgr/wlan.c:6140:13:wifi_process_bg_scan_stopped	16	static
../wifi/wlcmgr/wlan.c:6159:13:wlcm_process_bg_scan_report	8	static
../wifi/wlcmgr/wlan.c:6168:13:wlcm_process_get_hw_spec_event	8	static
../wifi/wlcmgr/wlan.c:6204:13:wlcm_process_mgmt_frame	24	static
../wifi/wlcmgr/wlan.c:6265:13:wlcm_process_region_power_cfg	24	static
../wifi/wlcmgr/wlan.c:6280:13:wlcm_set_rssi_low_threshold	16	static
../wifi/wlcmgr/wlan.c:6381:26:handle_message	24	static
../wifi/wlcmgr/wlan.c:6816:13:is_uap_msg	16	static
../wifi/wlcmgr/wlan.c:6826:13:wlcmgr_task	32	static
../wifi/wlcmgr/wlan.c:7000:12:send_user_request	24	static
../wifi/wlcmgr/wlan.c:7016:13:copy_network	16	static
../wifi/wlcmgr/wlan.c:7046:12:wifi_wakeup_card_cb	24	static
../wifi/wlcmgr/wlan.c:7063:5:wlan_init	40	static
../wifi/wlcmgr/wlan.c:7179:6:wlan_deinit	16	static
../wifi/wlcmgr/wlan.c:7258:13:assoc_timer_cb	16	static
../wifi/wlcmgr/wlan.c:7291:13:neighbor_req_timer_cb	16	static
../wifi/wlcmgr/wlan.c:7311:13:temperature_mon_cb	16	static
../wifi/wlcmgr/wlan.c:7424:13:wlan_wait_wlmgr_ready	8	static
../wifi/wlcmgr/wlan.c:7433:5:wlan_start	32	static
../wifi/wlcmgr/wlan.c:7773:5:wlan_stop	16	static
../wifi/wlcmgr/wlan.c:8008:6:wlan_initialize_uap_network	16	static
../wifi/wlcmgr/wlan.c:8031:6:wlan_initialize_sta_network	16	static
../wifi/wlcmgr/wlan.c:8046:13:isHexNumber	24	static
../wifi/wlcmgr/wlan.c:8059:13:wlan_is_key_valid	24	static
../wifi/wlcmgr/wlan.c:8277:12:wlan_key_mgmt_wpa_psk	24	static
../wifi/wlcmgr/wlan.c:8307:12:wlan_key_mgmt_sae	24	static
../wifi/wlcmgr/wlan.c:8351:12:wlan_key_mgmt_wpa_psk_sae	24	static
../wifi/wlcmgr/wlan.c:8407:5:wlan_add_network	32	static
../wifi/wlcmgr/wlan.c:9205:9:wlan_check_11n_capa	24	static
../wifi/wlcmgr/wlan.c:9223:9:wlan_check_11ac_capa	24	static
../wifi/wlcmgr/wlan.c:9243:9:wlan_check_11ax_capa	24	static
../wifi/wlcmgr/wlan.c:9264:5:wlan_remove_network	24	static
../wifi/wlcmgr/wlan.c:9416:5:wlan_get_network_count	16	static
../wifi/wlcmgr/wlan.c:9427:5:wlan_get_current_network	24	static
../wifi/wlcmgr/wlan.c:9451:5:wlan_get_current_network_ssid	16	static
../wifi/wlcmgr/wlan.c:9468:5:wlan_get_current_network_bssid	16	static
../wifi/wlcmgr/wlan.c:9485:5:wlan_get_current_uap_network	16	static
../wifi/wlcmgr/wlan.c:9501:5:wlan_get_current_uap_network_ssid	16	static
../wifi/wlcmgr/wlan.c:9519:5:wlan_set_rssi_threshold	16	static
../wifi/wlcmgr/wlan.c:9528:6:is_uap_started	8	static
../wifi/wlcmgr/wlan.c:9532:6:is_sta_connected	4	static
../wifi/wlcmgr/wlan.c:9537:6:is_sta_ipv4_connected	4	static
../wifi/wlcmgr/wlan.c:9543:6:is_sta_ipv6_connected	4	static
../wifi/wlcmgr/wlan.c:9549:5:wlan_get_network	24	static
../wifi/wlcmgr/wlan.c:9572:5:wlan_get_current_nf	4	static
../wifi/wlcmgr/wlan.c:9577:5:wlan_get_current_signal_strength	40	static
../wifi/wlcmgr/wlan.c:9587:5:wlan_get_average_signal_strength	40	static
../wifi/wlcmgr/wlan.c:9597:5:wlan_get_current_rssi	16	static
../wifi/wlcmgr/wlan.c:9604:5:wlan_get_network_byname	24	static
../wifi/wlcmgr/wlan.c:9625:5:wlan_set_network_ip_byname	24	static
../wifi/wlcmgr/wlan.c:9646:5:wlan_remove_all_network_profiles	16	static
../wifi/wlcmgr/wlan.c:9666:5:wlan_disconnect	8	static
../wifi/wlcmgr/wlan.c:9689:5:wlan_connect	32	static
../wifi/wlcmgr/wlan.c:9762:5:wlan_connect_opt	24	static
../wifi/wlcmgr/wlan.c:9779:5:wlan_reassociate	16	static
../wifi/wlcmgr/wlan.c:9834:5:wlan_start_network	24	static
../wifi/wlcmgr/wlan.c:9890:5:wlan_stop_network	24	static
../wifi/wlcmgr/wlan.c:9929:5:wlan_remove_all_networks	16	static
../wifi/wlcmgr/wlan.c:9948:6:wlan_destroy_all_tasks	8	static
../wifi/wlcmgr/wlan.c:9967:5:wlan_imu_get_task_lock	8	static
../wifi/wlcmgr/wlan.c:9972:5:wlan_imu_put_task_lock	8	static
../wifi/wlcmgr/wlan.c:9977:6:wlan_reset	16	static
../wifi/wlcmgr/wlan.c:10125:13:wlcmgr_mon_task	32	static
../wifi/wlcmgr/wlan.c:10221:5:wlan_get_scan_result	24	static
../wifi/wlcmgr/wlan.c:10374:6:wlan_set_cal_data	16	static
../wifi/wlcmgr/wlan.c:10382:5:wlan_set_mac_addr	24	static
../wifi/wlcmgr/wlan.c:10419:5:wlan_set_uap_mac_addr	16	static
../wifi/wlcmgr/wlan.c:10454:5:wlan_set_sta_mac_addr	16	static
../wifi/wlcmgr/wlan.c:10489:5:wlan_scan	232	static
../wifi/wlcmgr/wlan.c:10504:12:wlan_pscan	240	static
../wifi/wlcmgr/wlan.c:10540:5:wlan_scan_with_opt	24	static
../wifi/wlcmgr/wlan.c:10632:5:wlan_get_connection_state	24	static
../wifi/wlcmgr/wlan.c:10686:5:wlan_get_ps_mode	16	static
../wifi/wlcmgr/wlan.c:10738:5:wlan_get_uap_connection_state	24	static
../wifi/wlcmgr/wlan.c:10771:5:wlan_get_address	24	static
../wifi/wlcmgr/wlan.c:10800:5:wlan_get_uap_address	24	static
../wifi/wlcmgr/wlan.c:10820:5:wlan_get_uap_channel	16	static
../wifi/wlcmgr/wlan.c:10835:5:wlan_get_mac_address	16	static
../wifi/wlcmgr/wlan.c:10844:5:wlan_get_mac_address_uap	16	static
../wifi/wlcmgr/wlan.c:10854:6:wlan_wake_up_card	16	static
../wifi/wlcmgr/wlan.c:10861:5:wlan_set_ieeeps_cfg	16	static
../wifi/wlcmgr/wlan.c:10868:6:wlan_configure_listen_interval	16	static
../wifi/wlcmgr/wlan.c:10873:6:wlan_configure_delay_to_ps	16	static
../wifi/wlcmgr/wlan.c:10878:16:wlan_get_listen_interval	8	static
../wifi/wlcmgr/wlan.c:10883:14:wlan_get_delay_to_ps	8	static
../wifi/wlcmgr/wlan.c:10888:6:wlan_is_power_save_enabled	4	static
../wifi/wlcmgr/wlan.c:10902:6:wlan_configure_null_pkt_interval	16	static
../wifi/wlcmgr/wlan.c:10907:5:wlan_ieeeps_on	24	static
../wifi/wlcmgr/wlan.c:10941:5:wlan_ieeeps_off	8	static
../wifi/wlcmgr/wlan.c:10997:5:wlan_deepsleepps_on	16	static
../wifi/wlcmgr/wlan.c:11015:5:wlan_deepsleepps_off	8	static
../wifi/wlcmgr/wlan.c:11082:5:wlan_set_antcfg	24	static
../wifi/wlcmgr/wlan.c:11094:5:wlan_get_antcfg	32	static
../wifi/wlcmgr/wlan.c:11108:5:wlan_wlcmgr_send_msg	24	static
../wifi/wlcmgr/wlan.c:11132:5:load_wep_key	32	static
../wifi/wlcmgr/wlan.c:11173:5:get_split_scan_delay_ms	4	static
../wifi/wlcmgr/wlan.c:11178:7:wlan_get_firmware_version_ext	4	static
../wifi/wlcmgr/wlan.c:11183:14:wlan_get_uap_supported_max_clients	4	static
../wifi/wlcmgr/wlan.c:11188:5:wlan_get_uap_max_clients	16	static
../wifi/wlcmgr/wlan.c:11193:5:wlan_set_uap_max_clients	24	static
../wifi/wlcmgr/wlan.c:11232:5:wlan_get_mgmt_ie	24	static
../wifi/wlcmgr/wlan.c:11237:5:wlan_set_mgmt_ie	24	static
../wifi/wlcmgr/wlan.c:11254:5:wlan_clear_mgmt_ie	16	static
../wifi/wlcmgr/wlan.c:11259:5:wlan_set_txbfcap	16	static
../wifi/wlcmgr/wlan.c:11264:5:wlan_set_htcapinfo	16	static
../wifi/wlcmgr/wlan.c:11269:5:wlan_set_httxcfg	16	static
../wifi/wlcmgr/wlan.c:11274:5:wlan_set_txratecfg	56	static
../wifi/wlcmgr/wlan.c:11279:5:wlan_get_txratecfg	24	static
../wifi/wlcmgr/wlan.c:11300:5:wlan_set_sta_tx_power	16	static
../wifi/wlcmgr/wlan.c:11305:5:wlan_get_sta_tx_power	16	static
../wifi/wlcmgr/wlan.c:11311:5:wlan_set_region_power_cfg	16	static
../wifi/wlcmgr/wlan.c:11317:5:wlan_set_chanlist_and_txpwrlimit	24	static
../wifi/wlcmgr/wlan.c:11337:5:wlan_set_chanlist	16	static
../wifi/wlcmgr/wlan.c:11347:5:wlan_get_chanlist	16	static
../wifi/wlcmgr/wlan.c:11357:5:wlan_set_txpwrlimit	16	static
../wifi/wlcmgr/wlan.c:11367:5:wlan_get_txpwrlimit	16	static
../wifi/wlcmgr/wlan.c:11391:6:wlan_set_reassoc_control	16	static
../wifi/wlcmgr/wlan.c:11397:5:wlan_set_ed_mac_mode	16	static
../wifi/wlcmgr/wlan.c:11402:5:wlan_get_ed_mac_mode	16	static
../wifi/wlcmgr/wlan.c:11407:5:wlan_set_uap_ed_mac_mode	16	static
../wifi/wlcmgr/wlan.c:11412:5:wlan_get_uap_ed_mac_mode	16	static
../wifi/wlcmgr/wlan.c:11417:6:wlan_get_11d_enable_status	8	static
../wifi/wlcmgr/wlan.c:11422:5:wlan_remain_on_channel	32	static
../wifi/wlcmgr/wlan.c:11447:5:wlan_get_otp_user_data	16	static
../wifi/wlcmgr/wlan.c:11458:5:wlan_get_log	16	static
../wifi/wlcmgr/wlan.c:11466:5:wlan_uap_get_log	16	static
../wifi/wlcmgr/wlan.c:11475:5:wlan_get_cal_data	16	static
../wifi/wlcmgr/wlan.c:11513:5:wlan_get_tsf	16	static
../wifi/wlcmgr/wlan.c:11518:5:wlan_tcp_keep_alive	24	static
../wifi/wlcmgr/wlan.c:11669:10:wlan_get_beacon_period	16	static
../wifi/wlcmgr/wlan.c:11691:12:pscan_cb	136	static
../wifi/wlcmgr/wlan.c:11723:9:wlan_get_dtim_period	16	static
../wifi/wlcmgr/wlan.c:11753:5:wlan_get_data_rate	16	static
../wifi/wlcmgr/wlan.c:11758:12:wlan_set_pmfcfg	16	static
../wifi/wlcmgr/wlan.c:11768:5:wlan_get_pmfcfg	16	static
../wifi/wlcmgr/wlan.c:11773:5:wlan_uap_get_pmfcfg	16	static
../wifi/wlcmgr/wlan.c:11783:5:wlan_set_packet_filters	16	static
../wifi/wlcmgr/wlan.c:11788:5:wlan_set_auto_arp	2712	static
../wifi/wlcmgr/wlan.c:11839:20:is_broadcast_ether_addr	16	static
../wifi/wlcmgr/wlan.c:11854:15:is_wowlan_pattern_supported	32	static
../wifi/wlcmgr/wlan.c:11886:5:wlan_wowlan_cfg_ptn_match	2752	static
../wifi/wlcmgr/wlan.c:11984:5:wlan_set_ipv6_ns_offload	2704	static
../wifi/wlcmgr/wlan.c:12014:5:wlan_get_current_bssid	24	static
../wifi/wlcmgr/wlan.c:12037:9:wlan_get_current_channel	16	static
../wifi/wlcmgr/wlan.c:12055:6:wlan_sta_ampdu_tx_enable	8	static
../wifi/wlcmgr/wlan.c:12060:6:wlan_sta_ampdu_tx_disable	8	static
../wifi/wlcmgr/wlan.c:12065:6:wlan_sta_ampdu_rx_enable	8	static
../wifi/wlcmgr/wlan.c:12070:6:wlan_sta_ampdu_rx_disable	8	static
../wifi/wlcmgr/wlan.c:12075:6:wlan_uap_ampdu_tx_enable	8	static
../wifi/wlcmgr/wlan.c:12080:6:wlan_uap_ampdu_tx_disable	8	static
../wifi/wlcmgr/wlan.c:12085:6:wlan_uap_ampdu_rx_enable	8	static
../wifi/wlcmgr/wlan.c:12090:6:wlan_uap_ampdu_rx_disable	8	static
../wifi/wlcmgr/wlan.c:12096:6:wlan_uap_set_scan_chan_list	8	static
../wifi/wlcmgr/wlan.c:12102:6:wlan_uap_set_beacon_period	16	static
../wifi/wlcmgr/wlan.c:12115:5:wlan_uap_set_bandwidth	16	static
../wifi/wlcmgr/wlan.c:12128:5:wlan_uap_get_bandwidth	16	static
../wifi/wlcmgr/wlan.c:12145:5:wlan_uap_set_hidden_ssid	16	static
../wifi/wlcmgr/wlan.c:12171:6:wlan_uap_ctrl_deauth	16	static
../wifi/wlcmgr/wlan.c:12176:6:wlan_uap_set_ecsa	8	static
../wifi/wlcmgr/wlan.c:12181:6:wlan_uap_set_htcapinfo	16	static
../wifi/wlcmgr/wlan.c:12186:6:wlan_uap_set_httxcfg	16	static
../wifi/wlcmgr/wlan.c:12192:5:wlan_set_rts	16	static
../wifi/wlcmgr/wlan.c:12197:5:wlan_set_uap_rts	16	static
../wifi/wlcmgr/wlan.c:12203:5:wlan_set_frag	16	static
../wifi/wlcmgr/wlan.c:12208:5:wlan_set_uap_frag	16	static
../wifi/wlcmgr/wlan.c:12215:5:_wlan_rrm_scan_cb	48	static
../wifi/wlcmgr/wlan.c:12305:6:wlan_rrm_request_scan	416	static
../wifi/wlcmgr/wlan.c:12376:6:wlan_set_scan_channel_gap	16	static
../wifi/wlcmgr/wlan.c:12384:5:wlan_host_11k_cfg	16	static
../wifi/wlcmgr/wlan.c:12394:6:wlan_get_host_11k_status	4	static
../wifi/wlcmgr/wlan.c:12399:5:wlan_host_11k_neighbor_req	24	static
../wifi/wlcmgr/wlan.c:12427:5:wlan_host_11v_bss_trans_query	24	static
../wifi/wlcmgr/wlan.c:12457:5:wlan_host_mbo_cfg	16	static
../wifi/wlcmgr/wlan.c:12462:5:wlan_mbo_peferch_cfg	40	static
../wifi/wlcmgr/wlan.c:12581:5:wlan_set_sta_mac_filter	24	static
../wifi/wlcmgr/wlan.c:12599:6:wlan_version_extended	16	static
../wifi/wlcmgr/wlan.c:12624:6:wlan_set_txrx_histogram	24	static
../wifi/wlcmgr/wlan.c:12636:5:wlan_set_roaming	16	static
../wifi/wlcmgr/wlan.c:12653:5:wlan_get_roaming_status	4	static
../wifi/wlcmgr/wlan.c:12660:5:wlan_mem_access	24	static
../wifi/wlcmgr/wlan.c:12883:6:wlan_wmm_tx_stats_dump	16	static
../wifi/wlcmgr/wlan.c:12889:5:wlan_send_hostcmd	32	static
../wifi/wlcmgr/wlan.c:12905:5:wlan_enable_disable_htc	88	static
../wifi/wlcmgr/wlan.c:12920:5:wlan_send_debug_htc	104	static
../wifi/wlcmgr/wlan.c:12966:5:wlan_set_11ax_tx_omi	24	static
../wifi/wlcmgr/wlan.c:13006:5:wlan_set_11ax_tol_time	16	static
../wifi/wlcmgr/wlan.c:13024:5:wlan_set_11ax_rutxpowerlimit	16	static
../wifi/wlcmgr/wlan.c:13035:5:wlan_set_11ax_rutxpowerlimit_legacy	16	static
../wifi/wlcmgr/wlan.c:13045:5:wlan_get_11ax_rutxpowerlimit_legacy	16	static
../wifi/wlcmgr/wlan.c:13071:5:wlan_set_11ax_cfg	16	static
../wifi/wlcmgr/wlan.c:13076:11:wlan_get_11ax_cfg	4	static
../wifi/wlcmgr/wlan.c:13089:5:wlan_set_btwt_cfg	16	static
../wifi/wlcmgr/wlan.c:13094:11:wlan_get_btwt_cfg	4	static
../wifi/wlcmgr/wlan.c:13104:5:wlan_set_twt_setup_cfg	16	static
../wifi/wlcmgr/wlan.c:13116:11:wlan_get_twt_setup_cfg	4	static
../wifi/wlcmgr/wlan.c:13123:5:wlan_set_twt_teardown_cfg	16	static
../wifi/wlcmgr/wlan.c:13128:11:wlan_get_twt_teardown_cfg	4	static
../wifi/wlcmgr/wlan.c:13133:5:wlan_get_twt_report	16	static
../wifi/wlcmgr/wlan.c:13142:5:wlan_get_tsf_info	16	static
../wifi/wlcmgr/wlan.c:13146:5:wlan_set_clocksync_cfg	16	static
../wifi/wlcmgr/wlan.c:13153:5:wlan_set_crypto_RC4_encrypt	160	static
../wifi/wlcmgr/wlan.c:13189:5:wlan_set_crypto_RC4_decrypt	160	static
../wifi/wlcmgr/wlan.c:13225:5:wlan_set_crypto_AES_ECB_encrypt	160	static
../wifi/wlcmgr/wlan.c:13261:5:wlan_set_crypto_AES_ECB_decrypt	160	static
../wifi/wlcmgr/wlan.c:13297:5:wlan_set_crypto_AES_WRAP_encrypt	160	static
../wifi/wlcmgr/wlan.c:13334:5:wlan_set_crypto_AES_WRAP_decrypt	160	static
../wifi/wlcmgr/wlan.c:13370:5:wlan_set_crypto_AES_CCMP_encrypt	160	static
../wifi/wlcmgr/wlan.c:13423:5:wlan_set_crypto_AES_CCMP_decrypt	160	static
../wifi/wlcmgr/wlan.c:13477:5:wlan_set_crypto_AES_GCMP_encrypt	160	static
../wifi/wlcmgr/wlan.c:13524:5:wlan_set_crypto_AES_GCMP_decrypt	160	static
../wifi/wlcmgr/wlan.c:13618:5:wlan_uap_set_ecsa_cfg	40	static
../wifi/wlcmgr/wlan.c:13631:5:wlan_set_mmsf	16	static
../wifi/wlcmgr/wlan.c:13636:5:wlan_get_mmsf	24	static
../wifi/wlcmgr/wlan.c:13660:5:wlan_set_subscribe_event	32	static
../wifi/wlcmgr/wlan.c:13705:5:wlan_get_subscribe_event	64	static
../wifi/wlcmgr/wlan.c:13715:5:wlan_clear_subscribe_event	24	static
../wifi/wlcmgr/wlan.c:13764:5:wlan_set_threshold_link_quality	40	static
../wifi/wlcmgr/wlan.c:13780:5:wlan_reg_access	24	static
../wifi/wlcmgr/wlan.c:13789:5:wlan_wmm_uapsd_qosinfo	24	static
../wifi/wlcmgr/wlan.c:13800:5:wlan_set_wmm_uapsd	32	static
../wifi/wlcmgr/wlan.c:13830:5:wlan_sleep_period	24	static
../wifi/wlcmgr/wlan.c:13841:6:wlan_is_wmm_uapsd_enabled	4	static
../wifi/wlcmgr/wlan.c:13848:5:wlan_tx_ampdu_prot_mode	16	static
../wifi/wlcmgr/wlan.c:13854:5:wlan_mef_set_auto_arp	40	static
../wifi/wlcmgr/wlan.c:13938:5:wlan_mef_set_auto_ping	40	static
../wifi/wlcmgr/wlan.c:14027:5:wlan_set_ipv6_ns_mef	24	static
../wifi/wlcmgr/wlan.c:14062:5:wlan_mef_set_multicast	24	static
../wifi/wlcmgr/wlan.c:14096:5:wlan_config_mef	24	static
../wifi/wlcmgr/wlan.c:14155:28:wlan_get_csi_cfg_param_default	4	static
../wifi/wlcmgr/wlan.c:14160:5:wlan_set_csi_cfg_param_default	16	static
../wifi/wlcmgr/wlan.c:14171:6:wlan_reset_csi_filter_data	8	static
../wifi/wlcmgr/wlan.c:14176:5:wlan_register_csi_user_callback	16	static
../wifi/wlcmgr/wlan.c:14181:5:wlan_unregister_csi_user_callback	8	static
../wifi/wlcmgr/wlan.c:14186:5:wlan_csi_cfg	24	static
../wifi/wlcmgr/wlan.c:14206:6:wlan_set_rssi_low_threshold	16	static
../wifi/wlcmgr/wlan.c:14749:6:wlan_register_monitor_user_callback	16	static
../wifi/wlcmgr/wlan.c:14754:6:wlan_deregister_net_monitor_user_callback	8	static
../wifi/wlcmgr/wlan.c:14759:5:wlan_net_monitor_cfg	24	static
../wifi/wlcmgr/wlan.c:14776:5:wlan_get_tsp_cfg	64	static
../wifi/wlcmgr/wlan.c:14791:5:wlan_set_tsp_cfg	72	static
../wifi/wlcmgr/wlan.c:14806:5:wlan_get_signal_info	16	static
../wifi/wlcmgr/wlan.c:14811:5:wlan_set_bandcfg	16	static
../wifi/wlcmgr/wlan.c:14816:5:wlan_get_bandcfg	16	static
../wifi/wlcmgr/wlan.c:14822:5:wlan_get_turbo_mode	16	static
../wifi/wlcmgr/wlan.c:14827:5:wlan_get_uap_turbo_mode	16	static
../wifi/wlcmgr/wlan.c:14832:5:wlan_set_turbo_mode	16	static
../wifi/wlcmgr/wlan.c:14837:5:wlan_set_uap_turbo_mode	16	static
../wifi/wlcmgr/wlan.c:14843:6:wlan_set_ps_cfg	32	static
../wifi/wlcmgr/wlan.c:14854:5:wlan_set_ips	16	static
../wifi/wlcmgr/wlan.c:14860:5:wlan_set_country_code	32	static
../wifi/wlcmgr/wlan.c:14931:5:wlan_set_country_ie_ignore	16	static
../wifi/wlcmgr/wlan.c:14936:5:wlan_set_region_code	24	static
../wifi/wlcmgr/wlan.c:14950:5:wlan_get_region_code	16	static
../wifi/wlcmgr/wlan.c:14955:5:wlan_set_11d_state	16	static
../wifi/wlcmgr/wlan.c:14976:5:wlan_single_ant_duty_cycle	16	static
../wifi/wlcmgr/wlan.c:14981:5:wlan_dual_ant_duty_cycle	24	static
../wifi/wlcmgr/wlan.c:14988:5:wlan_external_coex_pta_cfg	24	static
../wifi/wlcmgr/wlan.c:15206:5:wlan_sta_inactivityto	16	static
../wifi/wlcmgr/wlan.c:15417:5:wlan_auto_null_tx	16	static
../wifi/wlcmgr/wlan.c:15428:7:wlan_get_status_code	24	static
../wifi/wlcmgr/wlan.c:15461:9:wlan_get_temperature	8	static
../wifi/wlcmgr/wlan.c:15467:7:wlan_string_dup	24	static
../wifi/wlcmgr/wlan.c:15475:10:wlan_get_board_type	16	static
../wifi/wlcmgr/wlan.c:15486:5:wlan_uap_disconnect_sta	24	static
../wifi/wlcmgr/wlan.c:15506:5:wlan_11n_allowed	32	static
../wifi/wlcmgr/wlan.c:15533:5:wlan_11ac_allowed	32	static
../wifi/wlcmgr/wlan.c:15561:5:wlan_11ax_allowed	32	static
